Component: ARM Compiler 5.06 update 6 (build 750) Tool: armlink [4d35ed]

==============================================================================

Section Cross References

    main.o(i.assert_nrf_callback) refers to app_error_handler_keil.o(.emb_text) for app_error_handler
    main.o(i.ble_evt_handler) refers to main.o(i.on_adv_report) for on_adv_report
    main.o(i.ble_evt_handler) refers to app_error_handler_keil.o(.emb_text) for app_error_handler
    main.o(i.ble_evt_handler) refers to nrf_log_frontend.o(i.nrf_log_frontend_std_1) for nrf_log_frontend_std_1
    main.o(i.ble_evt_handler) refers to ble_lbs_c.o(i.ble_lbs_c_handles_assign) for ble_lbs_c_handles_assign
    main.o(i.ble_evt_handler) refers to ble_db_discovery.o(i.ble_db_discovery_start) for ble_db_discovery_start
    main.o(i.ble_evt_handler) refers to boards.o(i.bsp_board_led_on) for bsp_board_led_on
    main.o(i.ble_evt_handler) refers to ble_conn_state.o(i.ble_conn_state_central_conn_count) for ble_conn_state_central_conn_count
    main.o(i.ble_evt_handler) refers to main.o(i.scan_start) for scan_start
    main.o(i.ble_evt_handler) refers to boards.o(i.bsp_board_led_off) for bsp_board_led_off
    main.o(i.ble_evt_handler) refers to nrf_log_frontend.o(i.nrf_log_frontend_std_2) for nrf_log_frontend_std_2
    main.o(i.ble_evt_handler) refers to app_button.o(i.app_button_disable) for app_button_disable
    main.o(i.ble_evt_handler) refers to nrf_log_frontend.o(log_dynamic_data) for m_nrf_log_app_logs_data_dynamic
    main.o(i.ble_evt_handler) refers to main.o(.bss) for .bss
    main.o(i.ble_evt_handler) refers to main.o(.data) for .data
    main.o(i.ble_evt_handler) refers to main.o(i.event_of_b) for event_of_b
    main.o(i.ble_evt_handler) refers to main.o(i.event_of_b1) for event_of_b1
    main.o(i.ble_evt_handler) refers to main.o(i.event_of_b2) for event_of_b2
    main.o(i.ble_evt_handler) refers to main.o(i.event_of_b3) for event_of_b3
    main.o(i.ble_evt_handler) refers to main.o(i.event_of_b4) for event_of_b4
    main.o(i.ble_evt_handler) refers to main.o(i.event_of_b5) for event_of_b5
    main.o(i.ble_evt_handler) refers to main.o(i.event_of_b6) for event_of_b6
    main.o(i.ble_evt_handler) refers to main.o(i.event_of_b7) for event_of_b7
    main.o(i.ble_stack_init) refers to nrf_sdh.o(i.nrf_sdh_enable_request) for nrf_sdh_enable_request
    main.o(i.ble_stack_init) refers to app_error_handler_keil.o(.emb_text) for app_error_handler
    main.o(i.ble_stack_init) refers to nrf_sdh_ble.o(i.nrf_sdh_ble_default_cfg_set) for nrf_sdh_ble_default_cfg_set
    main.o(i.ble_stack_init) refers to nrf_sdh_ble.o(i.nrf_sdh_ble_enable) for nrf_sdh_ble_enable
    main.o(i.ble_stack_init) refers to main.o(i.main) for i.main
    main.o(i.button_event_handler) refers to app_error_handler_keil.o(.emb_text) for app_error_handler
    main.o(i.button_event_handler) refers to main.o(i.led_status_send_to_two) for led_status_send_to_two
    main.o(i.button_event_handler) refers to nrf_log_frontend.o(i.nrf_log_frontend_std_1) for nrf_log_frontend_std_1
    main.o(i.button_event_handler) refers to nrf_log_frontend.o(log_dynamic_data) for m_nrf_log_app_logs_data_dynamic
    main.o(i.db_disc_handler) refers to ble_lbs_c.o(i.ble_lbs_on_db_disc_evt) for ble_lbs_on_db_disc_evt
    main.o(i.db_disc_handler) refers to main.o(.bss) for .bss
    main.o(i.event_of_b) refers to app_uart_fifo.o(i.app_uart_put) for app_uart_put
    main.o(i.event_of_b) refers to app_button.o(i.app_button_enable) for app_button_enable
    main.o(i.event_of_b) refers to app_error_handler_keil.o(.emb_text) for app_error_handler
    main.o(i.event_of_b) refers to ble_lbs_c.o(i.ble_lbs_c_button_notif_enable) for ble_lbs_c_button_notif_enable
    main.o(i.event_of_b1) refers to app_uart_fifo.o(i.app_uart_put) for app_uart_put
    main.o(i.event_of_b1) refers to app_button.o(i.app_button_enable) for app_button_enable
    main.o(i.event_of_b1) refers to app_error_handler_keil.o(.emb_text) for app_error_handler
    main.o(i.event_of_b1) refers to ble_lbs_c.o(i.ble_lbs_c_button_notif_enable) for ble_lbs_c_button_notif_enable
    main.o(i.event_of_b2) refers to app_uart_fifo.o(i.app_uart_put) for app_uart_put
    main.o(i.event_of_b2) refers to app_button.o(i.app_button_enable) for app_button_enable
    main.o(i.event_of_b2) refers to app_error_handler_keil.o(.emb_text) for app_error_handler
    main.o(i.event_of_b2) refers to ble_lbs_c.o(i.ble_lbs_c_button_notif_enable) for ble_lbs_c_button_notif_enable
    main.o(i.event_of_b3) refers to app_uart_fifo.o(i.app_uart_put) for app_uart_put
    main.o(i.event_of_b3) refers to app_button.o(i.app_button_enable) for app_button_enable
    main.o(i.event_of_b3) refers to app_error_handler_keil.o(.emb_text) for app_error_handler
    main.o(i.event_of_b3) refers to ble_lbs_c.o(i.ble_lbs_c_button_notif_enable) for ble_lbs_c_button_notif_enable
[...]
    .bss                                     0x20006450   Section       32  app_error.o(.bss)
    m_error_data                             0x20006450   Data          32  app_error.o(.bss)
    .bss                                     0x20006470   Section      268  app_timer.o(.bss)
    m_op_queue                               0x20006470   Data         268  app_timer.o(.bss)
    .bss                                     0x2000657c   Section       12  app_util_platform.o(.bss)
    .bss                                     0x20006588   Section      160  nrf_fstorage_sd.o(.bss)
    m_fifo_data                              0x20006588   Data         140  nrf_fstorage_sd.o(.bss)
    m_flags                                  0x20006614   Data          20  nrf_fstorage_sd.o(.bss)
    .bss                                     0x20006628   Section       12  nrf_pwr_mgmt.o(.bss)
    m_handlers_iter                          0x20006628   Data          12  nrf_pwr_mgmt.o(.bss)
    .bss                                     0x20006634   Section       32  app_uart_fifo.o(.bss)
    m_rx_fifo                                0x20006634   Data          16  app_uart_fifo.o(.bss)
    m_tx_fifo                                0x20006644   Data          16  app_uart_fifo.o(.bss)
    .bss                                     0x20006654   Section       64  nrf_log_backend_rtt.o(.bss)
    m_string_buff                            0x20006654   Data          64  nrf_log_backend_rtt.o(.bss)
    .bss                                     0x20006694   Section      192  nrf_log_frontend.o(.bss)
    log_mempool_nrf_balloc_pool_mem          0x20006694   Data         192  nrf_log_frontend.o(.bss)
    .bss                                     0x20006754   Section     1060  nrf_log_frontend.o(.bss)
    m_log_data                               0x20006754   Data        1060  nrf_log_frontend.o(.bss)
    .bss                                     0x20006b78   Section      648  segger_rtt.o(.bss)
    _acUpBuffer                              0x20006bf0   Data         512  segger_rtt.o(.bss)
    _acDownBuffer                            0x20006df0   Data          16  segger_rtt.o(.bss)
    STACK                                    0x20006e00   Section     8192  arm_startup_nrf52.o(STACK)

    Global Symbols

    Symbol Name                              Value     Ov Type        Size  Object(Section)

    BuildAttributes$$THM_ISAv4$E$P$D$K$B$S$7EM$VFPi3$EXTD16$VFPS$VFMA$PE$A:L22UL41UL21$X:L11$S22US41US21$IEEE1$IW$USESV6$~STKCKD$USESV7$~SHL$OSPACE$ROPI$EBA8$MICROLIB$REQ8$EABIv2 0x00000000   Number         0  anon$$obj.o ABSOLUTE
    __ARM_use_no_argv                        0x00000000   Number         0  main.o ABSOLUTE
    __cpp_initialize__aeabi_                  - Undefined Weak Reference
    __cxa_finalize                            - Undefined Weak Reference
    _clock_init                               - Undefined Weak Reference
    _microlib_exit                            - Undefined Weak Reference
    fs_data$$Base                             - Undefined Reference
    fs_data$$Limit                            - Undefined Reference
    pwr_mgmt_data0$$Base                      - Undefined Reference
    pwr_mgmt_data0$$Limit                     - Undefined Reference
    pwr_mgmt_data1$$Base                      - Undefined Reference
    pwr_mgmt_data1$$Limit                     - Undefined Reference
    pwr_mgmt_data2$$Base                      - Undefined Reference
    pwr_mgmt_data2$$Limit                     - Undefined Reference
    sdh_req_observers1$$Base                  - Undefined Reference
    sdh_req_observers1$$Limit                 - Undefined Reference
    sdh_soc_observers1$$Base                  - Undefined Reference
    sdh_soc_observers1$$Limit                 - Undefined Reference
    sdh_stack_observers1$$Base                - Undefined Reference
    sdh_stack_observers1$$Limit               - Undefined Reference
    sdh_state_observers1$$Base                - Undefined Reference
    sdh_state_observers1$$Limit               - Undefined Reference
    __Vectors_Size                           0x00000200   Number         0  arm_startup_nrf52.o ABSOLUTE
    __Vectors                                0x00026000   Data           4  arm_startup_nrf52.o(RESET)
    __Vectors_End                            0x00026200   Data           0  arm_startup_nrf52.o(RESET)
    __main                                   0x00026201   Thumb Code     0  entry.o(.ARM.Collect$$$$00000000)
    _main_stk                                0x00026201   Thumb Code     0  entry2.o(.ARM.Collect$$$$00000001)
    _main_scatterload                        0x00026205   Thumb Code     0  entry5.o(.ARM.Collect$$$$00000004)
    __main_after_scatterload                 0x00026209   Thumb Code     0  entry5.o(.ARM.Collect$$$$00000004)
    _main_clock                              0x00026209   Thumb Code     0  entry7b.o(.ARM.Collect$$$$00000008)
    _main_cpp_init                           0x00026209   Thumb Code     0  entry8b.o(.ARM.Collect$$$$0000000A)
    _main_init                               0x00026209   Thumb Code     0  entry9a.o(.ARM.Collect$$$$0000000B)
    __rt_final_cpp                           0x00026211   Thumb Code     0  entry10a.o(.ARM.Collect$$$$0000000D)
    __rt_final_exit                          0x00026211   Thumb Code     0  entry11a.o(.ARM.Collect$$$$0000000F)
    app_error_handler                        0x00026215   Thumb Code    26  app_error_handler_keil.o(.emb_text)
    __asm___12_nrf_atfifo_c_51f461e1__nrf_atfifo_wspace_req 0x00026231   Thumb Code    56  nrf_atfifo.o(.emb_text)
    __asm___12_nrf_atfifo_c_51f461e1__nrf_atfifo_wspace_close 0x00026269   Thumb Code    18  nrf_atfifo.o(.emb_text)
    __asm___12_nrf_atfifo_c_51f461e1__nrf_atfifo_rspace_req 0x0002627b   Thumb Code    58  nrf_atfifo.o(.emb_text)
    __asm___12_nrf_atfifo_c_51f461e1__nrf_atfifo_rspace_close 0x000262b5   Thumb Code    18  nrf_atfifo.o(.emb_text)
    __asm___12_nrf_atfifo_c_51f461e1__nrf_atfifo_space_clear 0x000262c7   Thumb Code    50  nrf_atfifo.o(.emb_text)
    __asm___12_nrf_atomic_c_85ca2469__nrf_atomic_internal_mov 0x000262f9   Thumb Code    24  nrf_atomic.o(.emb_text)
    __asm___12_nrf_atomic_c_85ca2469__nrf_atomic_internal_orr 0x00026311   Thumb Code    26  nrf_atomic.o(.emb_text)
    __asm___12_nrf_atomic_c_85ca2469__nrf_atomic_internal_and 0x0002632b   Thumb Code    26  nrf_atomic.o(.emb_text)
    __asm___12_nrf_atomic_c_85ca2469__nrf_atomic_internal_eor 0x00026345   Thumb Code    26  nrf_atomic.o(.emb_text)
    __asm___12_nrf_atomic_c_85ca2469__nrf_atomic_internal_add 0x0002635f   Thumb Code    26  nrf_atomic.o(.emb_text)
    __asm___12_nrf_atomic_c_85ca2469__nrf_atomic_internal_sub 0x00026379   Thumb Code    26  nrf_atomic.o(.emb_text)
    __asm___12_nrf_atomic_c_85ca2469__nrf_atomic_internal_cmp_exch 0x00026393   Thumb Code    42  nrf_atomic.o(.emb_text)
    __asm___12_nrf_atomic_c_85ca2469__nrf_atomic_internal_sub_hs 0x000263bd   Thumb Code    30  nrf_atomic.o(.emb_text)
    Reset_Handler                            0x000263dd   Thumb Code     8  arm_startup_nrf52.o(.text)
    NMI_Handler                              0x000263e5   Thumb Code     2  arm_startup_nrf52.o(.text)
    HardFault_Handler                        0x000263e7   Thumb Code     2  arm_startup_nrf52.o(.text)
    MemoryManagement_Handler                 0x000263e9   Thumb Code     2  arm_startup_nrf52.o(.text)
    BusFault_Handler                         0x000263eb   Thumb Code     2  arm_startup_nrf52.o(.text)
    UsageFault_Handler                       0x000263ed   Thumb Code     2  arm_startup_nrf52.o(.text)
    SVC_Handler                              0x000263ef   Thumb Code     2  arm_startup_nrf52.o(.text)
    DebugMon_Handler                         0x000263f1   Thumb Code     2  arm_startup_nrf52.o(.text)
    PendSV_Handler                           0x000263f3   Thumb Code     2  arm_startup_nrf52.o(.text)
    SysTick_Handler                          0x000263f5   Thumb Code     2  arm_startup_nrf52.o(.text)
    CCM_AAR_IRQHandler                       0x000263f7   Thumb Code     0  arm_startup_nrf52.o(.text)
    COMP_LPCOMP_IRQHandler                   0x000263f7   Thumb Code     0  arm_startup_nrf52.o(.text)
    ECB_IRQHandler                           0x000263f7   Thumb Code     0  arm_startup_nrf52.o(.text)
    FPU_IRQHandler                           0x000263f7   Thumb Code     0  arm_startup_nrf52.o(.text)
    I2S_IRQHandler                           0x000263f7   Thumb Code     0  arm_startup_nrf52.o(.text)
    MWU_IRQHandler                           0x000263f7   Thumb Code     0  arm_startup_nrf52.o(.text)
    NFCT_IRQHandler                          0x000263f7   Thumb Code     0  arm_startup_nrf52.o(.text)
    PDM_IRQHandler                           0x000263f7   Thumb Code     0  arm_startup_nrf52.o(.text)
    PWM0_IRQHandler                          0x000263f7   Thumb Code     0  arm_startup_nrf52.o(.text)
    PWM1_IRQHandler                          0x000263f7   Thumb Code     0  arm_startup_nrf52.o(.text)
    PWM2_IRQHandler                          0x000263f7   Thumb Code     0  arm_startup_nrf52.o(.text)
    QDEC_IRQHandler                          0x000263f7   Thumb Code     0  arm_startup_nrf52.o(.text)
    RADIO_IRQHandler                         0x000263f7   Thumb Code     0  arm_startup_nrf52.o(.text)
    RNG_IRQHandler                           0x000263f7   Thumb Code     0  arm_startup_nrf52.o(.text)
    RTC0_IRQHandler                          0x000263f7   Thumb Code     0  arm_startup_nrf52.o(.text)
    RTC2_IRQHandler                          0x000263f7   Thumb Code     0  arm_startup_nrf52.o(.text)
    SAADC_IRQHandler                         0x000263f7   Thumb Code     0  arm_startup_nrf52.o(.text)
    SPIM0_SPIS0_TWIM0_TWIS0_SPI0_TWI0_IRQHandler 0x000263f7   Thumb Code     0  arm_startup_nrf52.o(.text)
    SPIM1_SPIS1_TWIM1_TWIS1_SPI1_TWI1_IRQHandler 0x000263f7   Thumb Code     0  arm_startup_nrf52.o(.text)
    SPIM2_SPIS2_SPI2_IRQHandler              0x000263f7   Thumb Code     0  arm_startup_nrf52.o(.text)
    SWI1_EGU1_IRQHandler                     0x000263f7   Thumb Code     0  arm_startup_nrf52.o(.text)
    SWI3_EGU3_IRQHandler                     0x000263f7   Thumb Code     0  arm_startup_nrf52.o(.text)
    SWI4_EGU4_IRQHandler                     0x000263f7   Thumb Code     0  arm_startup_nrf52.o(.text)
    SWI5_EGU5_IRQHandler                     0x000263f7   Thumb Code     0  arm_startup_nrf52.o(.text)
    TEMP_IRQHandler                          0x000263f7   Thumb Code     0  arm_startup_nrf52.o(.text)
    TIMER0_IRQHandler                        0x000263f7   Thumb Code     0  arm_startup_nrf52.o(.text)
    TIMER1_IRQHandler                        0x000263f7   Thumb Code     0  arm_startup_nrf52.o(.text)
    TIMER2_IRQHandler                        0x000263f7   Thumb Code     0  arm_startup_nrf52.o(.text)
    TIMER3_IRQHandler                        0x000263f7   Thumb Code     0  arm_startup_nrf52.o(.text)
    TIMER4_IRQHandler                        0x000263f7   Thumb Code     0  arm_startup_nrf52.o(.text)
    WDT_IRQHandler                           0x000263f7   Thumb Code     0  arm_startup_nrf52.o(.text)
    __aeabi_llsl                             0x00026401   Thumb Code    30  llshl.o(.text)
    _ll_shift_l                              0x00026401   Thumb Code     0  llshl.o(.text)
    __rt_ctype_table                         0x00026421   Thumb Code     4  ctype_o.o(.text)
    __aeabi_memcpy                           0x00026429   Thumb Code    36  memcpya.o(.text)
    __aeabi_memcpy4                          0x00026429   Thumb Code     0  memcpya.o(.text)
    __aeabi_memcpy8                          0x00026429   Thumb Code     0  memcpya.o(.text)
    __aeabi_memset                           0x0002644d   Thumb Code    14  memseta.o(.text)
    __aeabi_memset4                          0x0002644d   Thumb Code     0  memseta.o(.text)
    __aeabi_memset8                          0x0002644d   Thumb Code     0  memseta.o(.text)
    __aeabi_memclr                           0x0002645b   Thumb Code     4  memseta.o(.text)
    __aeabi_memclr4                          0x0002645b   Thumb Code     0  memseta.o(.text)
    __aeabi_memclr8                          0x0002645b   Thumb Code     0  memseta.o(.text)
    _memset$wrapper                          0x0002645f   Thumb Code    18  memseta.o(.text)
    strlen                                   0x00026471   Thumb Code    14  strlen.o(.text)
    memcmp                                   0x0002647f   Thumb Code    26  memcmp.o(.text)
    strcpy                                   0x00026499   Thumb Code    18  strcpy.o(.text)
    __scatterload                            0x000264ad   Thumb Code    28  init.o(.text)
    __scatterload_rt2                        0x000264ad   Thumb Code     0  init.o(.text)
    __decompress                             0x000264d1   Thumb Code     0  __dczerorl2.o(.text)
    __decompress1                            0x000264d1   Thumb Code    86  __dczerorl2.o(.text)
    GPIOTE_IRQHandler                        0x00026529   Thumb Code   346  nrfx_gpiote.o(i.GPIOTE_IRQHandler)
    POWER_CLOCK_IRQHandler                   0x000266f1   Thumb Code    82  nrfx_clock.o(i.POWER_CLOCK_IRQHandler)
    RTC1_IRQHandler                          0x00026749   Thumb Code    32  app_timer.o(i.RTC1_IRQHandler)
    SEGGER_RTT_Init                          0x0002676d   Thumb Code     4  segger_rtt.o(i.SEGGER_RTT_Init)
    SEGGER_RTT_WriteNoLock                   0x00026771   Thumb Code    86  segger_rtt.o(i.SEGGER_RTT_WriteNoLock)
    SWI0_EGU0_IRQHandler                     0x000267cd   Thumb Code     4  app_timer.o(i.SWI0_EGU0_IRQHandler)
    SWI2_EGU2_IRQHandler                     0x000267d1   Thumb Code     4  nrf_sdh.o(i.SWI2_EGU2_IRQHandler)
    SystemInit                               0x000267d5   Thumb Code   726  system_nrf52.o(i.SystemInit)
    UARTE0_UART0_IRQHandler                  0x00026af1   Thumb Code     6  nrfx_prs.o(i.UARTE0_UART0_IRQHandler)
    __0printf$bare                           0x00026c19   Thumb Code     8  printfb.o(i.__0printf$bare)
    __1printf$bare                           0x00026c19   Thumb Code     0  printfb.o(i.__0printf$bare)
    __2printf                                0x00026c19   Thumb Code     0  printfb.o(i.__0printf$bare)
    __scatterload_copy                       0x00026c29   Thumb Code    14  handlers.o(i.__scatterload_copy)
    __scatterload_null                       0x00026c37   Thumb Code     2  handlers.o(i.__scatterload_null)
    __scatterload_zeroinit                   0x00026c39   Thumb Code    14  handlers.o(i.__scatterload_zeroinit)
    active_flag_count                        0x00026ca5   Thumb Code    28  ble_conn_state.o(i.active_flag_count)
    app_button_disable                       0x00026d09   Thumb Code    38  app_button.o(i.app_button_disable)
    app_button_enable                        0x00026d39   Thumb Code    32  app_button.o(i.app_button_enable)
    app_button_init                          0x00026d5d   Thumb Code   102  app_button.o(i.app_button_init)
    app_error_fault_handler                  0x00026dd5   Thumb Code   182  app_error_weak.o(i.app_error_fault_handler)
    app_error_save_and_stop                  0x00026f49   Thumb Code    96  app_error.o(i.app_error_save_and_stop)
    app_fifo_get                             0x00026fad   Thumb Code    22  app_fifo.o(i.app_fifo_get)
    app_fifo_init                            0x00026fc3   Thumb Code    32  app_fifo.o(i.app_fifo_init)
    app_fifo_put                             0x00026fe3   Thumb Code    26  app_fifo.o(i.app_fifo_put)
    app_timer_create                         0x00026ffd   Thumb Code    36  app_timer.o(i.app_timer_create)
    app_timer_init                           0x00027025   Thumb Code    70  app_timer.o(i.app_timer_init)
    app_timer_start                          0x00027079   Thumb Code   128  app_timer.o(i.app_timer_start)
    app_timer_stop                           0x00027101   Thumb Code    26  app_timer.o(i.app_timer_stop)
    app_uart_get                             0x00027121   Thumb Code    46  app_uart_fifo.o(i.app_uart_get)
    app_uart_init                            0x00027195   Thumb Code   148  app_uart_fifo.o(i.app_uart_init)
    app_uart_put                             0x00027239   Thumb Code    70  app_uart_fifo.o(i.app_uart_put)
    app_util_critical_region_enter           0x0002728d   Thumb Code    64  app_util_platform.o(i.app_util_critical_region_enter)
    app_util_critical_region_exit            0x000272d5   Thumb Code    46  app_util_platform.o(i.app_util_critical_region_exit)
    bcs_internal_state_reset                 0x00027419   Thumb Code     8  ble_conn_state.o(i.bcs_internal_state_reset)
    ble_advdata_name_find                    0x00027425   Thumb Code    68  ble_advdata.o(i.ble_advdata_name_find)
    ble_advdata_search                       0x00027469   Thumb Code    56  ble_advdata.o(i.ble_advdata_search)
    ble_conn_state_central_conn_count        0x000274a1   Thumb Code    24  ble_conn_state.o(i.ble_conn_state_central_conn_count)
    ble_conn_state_init                      0x000274bd   Thumb Code     4  ble_conn_state.o(i.ble_conn_state_init)
    ble_db_discovery_evt_register            0x000274c1   Thumb Code    56  ble_db_discovery.o(i.ble_db_discovery_evt_register)
    ble_db_discovery_init                    0x00027501   Thumb Code    24  ble_db_discovery.o(i.ble_db_discovery_init)
    ble_db_discovery_on_ble_evt              0x0002751d   Thumb Code   138  ble_db_discovery.o(i.ble_db_discovery_on_ble_evt)
    ble_db_discovery_start                   0x000275ad   Thumb Code    34  ble_db_discovery.o(i.ble_db_discovery_start)
    ble_lbs_c_button_notif_enable            0x000279d9   Thumb Code    80  ble_lbs_c.o(i.ble_lbs_c_button_notif_enable)
    ble_lbs_c_handles_assign                 0x00027a31   Thumb Code    24  ble_lbs_c.o(i.ble_lbs_c_handles_assign)
    ble_lbs_c_init                           0x00027a49   Thumb Code    80  ble_lbs_c.o(i.ble_lbs_c_init)
    ble_lbs_c_on_ble_evt                     0x00027a9d   Thumb Code   134  ble_lbs_c.o(i.ble_lbs_c_on_ble_evt)
    ble_lbs_c_string_send                    0x00027b25   Thumb Code    86  ble_lbs_c.o(i.ble_lbs_c_string_send)
    ble_lbs_led_status_send                  0x00027ba9   Thumb Code    80  ble_lbs_c.o(i.ble_lbs_led_status_send)
    ble_lbs_on_db_disc_evt                   0x00027c01   Thumb Code   142  ble_lbs_c.o(i.ble_lbs_on_db_disc_evt)
    bsp_board_init                           0x00027cd5   Thumb Code    80  boards.o(i.bsp_board_init)
    bsp_board_led_off                        0x00027d29   Thumb Code    10  boards.o(i.bsp_board_led_off)
    bsp_board_led_on                         0x00027d39   Thumb Code    10  boards.o(i.bsp_board_led_on)
    bsp_board_leds_off                       0x00027d49   Thumb Code    18  boards.o(i.bsp_board_leds_off)
    bsp_event_to_button_action_assign        0x00027d5d   Thumb Code    64  bsp.o(i.bsp_event_to_button_action_assign)
    buffer_is_empty                          0x00027e51   Thumb Code    16  nrf_log_frontend.o(i.buffer_is_empty)
    conn_handle_list_get                     0x00028099   Thumb Code    62  ble_conn_state.o(i.conn_handle_list_get)
    fputc                                    0x0002885b   Thumb Code    14  retarget.o(i.fputc)
    main                                     0x00028c79   Thumb Code   250  main.o(i.main)
    nrf_atfifo_item_free                     0x00028e65   Thumb Code    22  nrf_atfifo.o(i.nrf_atfifo_item_free)
    nrf_atfifo_item_get                      0x00028e7b   Thumb Code    22  nrf_atfifo.o(i.nrf_atfifo_item_get)
    nrf_atflags_clear                        0x00028e91   Thumb Code    22  nrf_atflags.o(i.nrf_atflags_clear)
    nrf_atflags_get                          0x00028ea7   Thumb Code    22  nrf_atflags.o(i.nrf_atflags_get)
    nrf_atflags_set                          0x00028ebd   Thumb Code    20  nrf_atflags.o(i.nrf_atflags_set)
    nrf_atomic_flag_clear_fetch              0x00028ed1   Thumb Code     6  nrf_atomic.o(i.nrf_atomic_flag_clear_fetch)
    nrf_atomic_flag_set                      0x00028ed7   Thumb Code     6  nrf_atomic.o(i.nrf_atomic_flag_set)
    nrf_atomic_u32_add                       0x00028edd   Thumb Code    12  nrf_atomic.o(i.nrf_atomic_u32_add)
    nrf_atomic_u32_and                       0x00028ee9   Thumb Code    12  nrf_atomic.o(i.nrf_atomic_u32_and)
    nrf_atomic_u32_fetch_and                 0x00028ef5   Thumb Code    10  nrf_atomic.o(i.nrf_atomic_u32_fetch_and)
    nrf_atomic_u32_fetch_store               0x00028eff   Thumb Code    10  nrf_atomic.o(i.nrf_atomic_u32_fetch_store)
    nrf_atomic_u32_or                        0x00028f09   Thumb Code    12  nrf_atomic.o(i.nrf_atomic_u32_or)
    nrf_atomic_u32_sub                       0x00028f15   Thumb Code    12  nrf_atomic.o(i.nrf_atomic_u32_sub)
    nrf_balloc_alloc                         0x00028f21   Thumb Code    68  nrf_balloc.o(i.nrf_balloc_alloc)
    nrf_balloc_free                          0x00028f65   Thumb Code    48  nrf_balloc.o(i.nrf_balloc_free)
    nrf_balloc_init                          0x00028f95   Thumb Code    48  nrf_balloc.o(i.nrf_balloc_init)
    nrf_ble_gatt_init                        0x00028fe9   Thumb Code    44  nrf_ble_gatt.o(i.nrf_ble_gatt_init)
    nrf_ble_gatt_on_ble_evt                  0x00029015   Thumb Code   298  nrf_ble_gatt.o(i.nrf_ble_gatt_on_ble_evt)
    nrf_drv_clock_init                       0x0002919d   Thumb Code    48  nrf_drv_clock.o(i.nrf_drv_clock_init)
    nrf_drv_clock_lfclk_release              0x000291d5   Thumb Code    42  nrf_drv_clock.o(i.nrf_drv_clock_lfclk_release)
    nrf_drv_uart_init                        0x00029205   Thumb Code    90  nrf_drv_uart.o(i.nrf_drv_uart_init)
    nrf_fprintf                              0x000292ad   Thumb Code    26  nrf_fprintf.o(i.nrf_fprintf)
    nrf_fprintf_buffer_flush                 0x000292c7   Thumb Code    24  nrf_fprintf.o(i.nrf_fprintf_buffer_flush)
    nrf_fprintf_fmt                          0x000292df   Thumb Code   474  nrf_fprintf_format.o(i.nrf_fprintf_fmt)
    nrf_fstorage_sdh_req_handler             0x000294b9   Thumb Code    18  nrf_fstorage_sd.o(i.nrf_fstorage_sdh_req_handler)
    nrf_fstorage_sdh_state_handler           0x000294d1   Thumb Code    28  nrf_fstorage_sd.o(i.nrf_fstorage_sdh_state_handler)
    nrf_fstorage_sys_evt_handler             0x000294f1   Thumb Code   154  nrf_fstorage_sd.o(i.nrf_fstorage_sys_evt_handler)
    nrf_log_backend_add                      0x000296f5   Thumb Code    74  nrf_log_frontend.o(i.nrf_log_backend_add)
    nrf_log_backend_rtt_init                 0x00029747   Thumb Code     4  nrf_log_backend_rtt.o(i.nrf_log_backend_rtt_init)
    nrf_log_backend_serial_put               0x00029765   Thumb Code   200  nrf_log_backend_serial.o(i.nrf_log_backend_serial_put)
    nrf_log_color_id_get                     0x0002982d   Thumb Code    42  nrf_log_frontend.o(i.nrf_log_color_id_get)
    nrf_log_default_backends_init            0x0002985d   Thumb Code    22  nrf_log_default_backends.o(i.nrf_log_default_backends_init)
    nrf_log_frontend_dequeue                 0x00029879   Thumb Code   510  nrf_log_frontend.o(i.nrf_log_frontend_dequeue)
    nrf_log_frontend_std_0                   0x00029a99   Thumb Code     8  nrf_log_frontend.o(i.nrf_log_frontend_std_0)
    nrf_log_frontend_std_1                   0x00029aa1   Thumb Code    14  nrf_log_frontend.o(i.nrf_log_frontend_std_1)
    nrf_log_frontend_std_2                   0x00029aaf   Thumb Code    16  nrf_log_frontend.o(i.nrf_log_frontend_std_2)
    nrf_log_frontend_std_5                   0x00029abf   Thumb Code    28  nrf_log_frontend.o(i.nrf_log_frontend_std_5)
    nrf_log_hexdump_entry_process            0x00029add   Thumb Code   146  nrf_log_str_formatter.o(i.nrf_log_hexdump_entry_process)
    nrf_log_init                             0x00029b89   Thumb Code    66  nrf_log_frontend.o(i.nrf_log_init)
    nrf_log_module_cnt_get                   0x00029be1   Thumb Code    10  nrf_log_frontend.o(i.nrf_log_module_cnt_get)
    nrf_log_module_name_get                  0x00029bf5   Thumb Code    24  nrf_log_frontend.o(i.nrf_log_module_name_get)
    nrf_log_panic                            0x00029c11   Thumb Code    34  nrf_log_frontend.o(i.nrf_log_panic)
    nrf_log_std_entry_process                0x00029c39   Thumb Code   182  nrf_log_str_formatter.o(i.nrf_log_std_entry_process)
    nrf_memobj_alloc                         0x00029cef   Thumb Code    96  nrf_memobj.o(i.nrf_memobj_alloc)
    nrf_memobj_free                          0x00029d4f   Thumb Code    50  nrf_memobj.o(i.nrf_memobj_free)
    nrf_memobj_get                           0x00029d81   Thumb Code     8  nrf_memobj.o(i.nrf_memobj_get)
    nrf_memobj_pool_init                     0x00029d89   Thumb Code     4  nrf_memobj.o(i.nrf_memobj_pool_init)
    nrf_memobj_put                           0x00029d8d   Thumb Code    30  nrf_memobj.o(i.nrf_memobj_put)
    nrf_memobj_read                          0x00029dab   Thumb Code    12  nrf_memobj.o(i.nrf_memobj_read)
    nrf_memobj_write                         0x00029db7   Thumb Code    12  nrf_memobj.o(i.nrf_memobj_write)
    nrf_pwr_mgmt_init                        0x00029dc5   Thumb Code    28  nrf_pwr_mgmt.o(i.nrf_pwr_mgmt_init)
    nrf_pwr_mgmt_run                         0x00029ded   Thumb Code    64  nrf_pwr_mgmt.o(i.nrf_pwr_mgmt_run)
    nrf_sdh_ble_app_ram_start_get            0x00029e31   Thumb Code    16  nrf_sdh_ble.o(i.nrf_sdh_ble_app_ram_start_get)
    nrf_sdh_ble_default_cfg_set              0x00029e45   Thumb Code   244  nrf_sdh_ble.o(i.nrf_sdh_ble_default_cfg_set)
    nrf_sdh_ble_enable                       0x00029f51   Thumb Code   116  nrf_sdh_ble.o(i.nrf_sdh_ble_enable)
    nrf_sdh_disable_request                  0x0002a11d   Thumb Code    80  nrf_sdh.o(i.nrf_sdh_disable_request)
    nrf_sdh_enable_request                   0x0002a171   Thumb Code   106  nrf_sdh.o(i.nrf_sdh_enable_request)
    nrf_sdh_evts_poll                        0x0002a1e9   Thumb Code    32  nrf_sdh.o(i.nrf_sdh_evts_poll)
    nrf_sdh_is_enabled                       0x0002a20d   Thumb Code     6  nrf_sdh.o(i.nrf_sdh_is_enabled)
    nrf_sdh_request_continue                 0x0002a219   Thumb Code    22  nrf_sdh.o(i.nrf_sdh_request_continue)
    nrf_section_iter_init                    0x0002a2b5   Thumb Code    10  nrf_section_iter.o(i.nrf_section_iter_init)
    nrf_section_iter_next                    0x0002a2e3   Thumb Code    32  nrf_section_iter.o(i.nrf_section_iter_next)
    nrf_strerror_find                        0x0002a305   Thumb Code    52  nrf_strerror.o(i.nrf_strerror_find)
    nrf_strerror_get                         0x0002a33d   Thumb Code    14  nrf_strerror.o(i.nrf_strerror_get)
    nrfx_clock_enable                        0x0002a389   Thumb Code    36  nrfx_clock.o(i.nrfx_clock_enable)
    nrfx_clock_init                          0x0002a3b5   Thumb Code    26  nrfx_clock.o(i.nrfx_clock_init)
    nrfx_clock_lfclk_stop                    0x0002a3d5   Thumb Code    20  nrfx_clock.o(i.nrfx_clock_lfclk_stop)
    nrfx_gpiote_in_event_disable             0x0002a401   Thumb Code    66  nrfx_gpiote.o(i.nrfx_gpiote_in_event_disable)
    nrfx_gpiote_in_event_enable              0x0002a449   Thumb Code   156  nrfx_gpiote.o(i.nrfx_gpiote_in_event_enable)
    nrfx_gpiote_in_init                      0x0002a4ed   Thumb Code   194  nrfx_gpiote.o(i.nrfx_gpiote_in_init)
    nrfx_gpiote_in_is_set                    0x0002a5bd   Thumb Code    20  nrfx_gpiote.o(i.nrfx_gpiote_in_is_set)
    nrfx_gpiote_init                         0x0002a5d1   Thumb Code    98  nrfx_gpiote.o(i.nrfx_gpiote_init)
    nrfx_gpiote_is_init                      0x0002a641   Thumb Code    14  nrfx_gpiote.o(i.nrfx_gpiote_is_init)
    nrfx_prs_acquire                         0x0002a665   Thumb Code    58  nrfx_prs.o(i.nrfx_prs_acquire)
    nrfx_uart_0_irq_handler                  0x0002a6a1   Thumb Code     8  nrfx_uart.o(i.nrfx_uart_0_irq_handler)
    nrfx_uart_init                           0x0002a6b1   Thumb Code   200  nrfx_uart.o(i.nrfx_uart_init)
    nrfx_uart_rx                             0x0002a785   Thumb Code   230  nrfx_uart.o(i.nrfx_uart_rx)
    nrfx_uart_tx                             0x0002a871   Thumb Code   160  nrfx_uart.o(i.nrfx_uart_tx)
    nrfx_uart_tx_in_progress                 0x0002a915   Thumb Code    26  nrfx_uart.o(i.nrfx_uart_tx_in_progress)
    nrfx_uarte_0_irq_handler                 0x0002a935   Thumb Code     8  nrfx_uarte.o(i.nrfx_uarte_0_irq_handler)
    nrfx_uarte_init                          0x0002a945   Thumb Code   100  nrfx_uarte.o(i.nrfx_uarte_init)
    nrfx_uarte_rx                            0x0002a9b1   Thumb Code   256  nrfx_uarte.o(i.nrfx_uarte_rx)
    nrfx_uarte_tx                            0x0002aab5   Thumb Code   138  nrfx_uarte.o(i.nrfx_uarte_tx)
    nrfx_uarte_tx_in_progress                0x0002ab45   Thumb Code    22  nrfx_uarte.o(i.nrfx_uarte_tx_in_progress)
    uart_event_handle                        0x0002bab9   Thumb Code   156  main.o(i.uart_event_handle)
    nrf_log_backend_rtt_api                  0x0002c2d8   Data          12  nrf_log_backend_rtt.o(.constdata)
    m_ram_start                              0x0002c370   Data           4  nrf_sdh_ble.o(.constdata)
    __ctype_table                            0x0002c39c   Data         129  ctype_o.o(.constdata)
    Region$$Table$$Base                      0x0002cb5c   Number         0  anon$$obj.o(Region$$Table)
    Region$$Table$$Limit                     0x0002cb7c   Number         0  anon$$obj.o(Region$$Table)
    log_const_data$$Base                     0x0002cb7c   Number         0  ble_db_discovery.o(log_const_data)
    m_nrf_log_ble_db_disc_logs_data_const    0x0002cb7c   Data           8  ble_db_discovery.o(log_const_data)
    m_nrf_log_nrf_ble_gatt_logs_data_const   0x0002cb84   Data           8  nrf_ble_gatt.o(log_const_data)
    m_nrf_log_ble_lbs_c_logs_data_const      0x0002cb8c   Data           8  ble_lbs_c.o(log_const_data)
    m_nrf_log_clock_logs_data_const          0x0002cb94   Data           8  nrf_drv_clock.o(log_const_data)
    m_nrf_log_CLOCK_logs_data_const          0x0002cb9c   Data           8  nrfx_clock.o(log_const_data)
    m_nrf_log_GPIOTE_logs_data_const         0x0002cba4   Data           8  nrfx_gpiote.o(log_const_data)
    m_nrf_log_PRS_logs_data_const            0x0002cbac   Data           8  nrfx_prs.o(log_const_data)
    m_nrf_log_UART_logs_data_const           0x0002cbb4   Data           8  nrfx_uart.o(log_const_data)
    m_nrf_log_UARTE_logs_data_const          0x0002cbbc   Data           8  nrfx_uarte.o(log_const_data)
    m_nrf_log_nrf_fstorage_logs_data_const   0x0002cbc4   Data           8  nrf_fstorage.o(log_const_data)
    m_nrf_log_atfifo_m_fifo_logs_data_const  0x0002cbcc   Data           8  nrf_fstorage_sd.o(log_const_data)
    m_nrf_log_pwr_mgmt_logs_data_const       0x0002cbd4   Data           8  nrf_pwr_mgmt.o(log_const_data)
    m_nrf_log_balloc_log_mempool_logs_data_const 0x0002cbdc   Data           8  nrf_log_frontend.o(log_const_data)
    m_nrf_log_app_logs_data_const            0x0002cbe4   Data           8  nrf_log_frontend.o(log_const_data)
    m_nrf_log_nrf_sdh_logs_data_const        0x0002cbec   Data           8  nrf_sdh.o(log_const_data)
    m_nrf_log_nrf_sdh_ble_logs_data_const    0x0002cbf4   Data           8  nrf_sdh_ble.o(log_const_data)
    m_nrf_log_nrf_sdh_soc_logs_data_const    0x0002cbfc   Data           8  nrf_sdh_soc.o(log_const_data)
    log_const_data$$Limit                    0x0002cc04   Number         0  nrf_sdh_soc.o(log_const_data)
    log_mempool                              0x0002cc04   Data          24  nrf_log_frontend.o(nrf_balloc)
    sdh_ble_observers0$$Base                 0x0002cc1c   Number         0  ble_conn_state.o(sdh_ble_observers0)
    sdh_ble_observers0$$Limit                0x0002cc24   Number         0  ble_conn_state.o(sdh_ble_observers0)
    sdh_ble_observers1$$Base                 0x0002cc24   Number         0  main.o(sdh_ble_observers1)
    sdh_ble_observers1$$Limit                0x0002cc74   Number         0  bsp_btn_ble.o(sdh_ble_observers1)
    sdh_ble_observers2$$Base                 0x0002cc74   Number         0  main.o(sdh_ble_observers2)
    sdh_ble_observers2$$Limit                0x0002ccb4   Number         0  main.o(sdh_ble_observers2)
    sdh_ble_observers3$$Base                 0x0002ccb4   Number         0  main.o(sdh_ble_observers3)
    m_req_obs                                0x0002ccbc   Data           8  nrf_fstorage_sd.o(sdh_req_observers0)
    sdh_ble_observers3$$Limit                0x0002ccbc   Number         0  main.o(sdh_ble_observers3)
    sdh_req_observers0$$Base                 0x0002ccbc   Number         0  nrf_fstorage_sd.o(sdh_req_observers0)
    sdh_req_observers0$$Limit                0x0002ccc4   Number         0  nrf_fstorage_sd.o(sdh_req_observers0)
    sdh_soc_observers0$$Base                 0x0002ccc4   Number         0  nrf_drv_clock.o(sdh_soc_observers0)
    sdh_soc_observers0$$Limit                0x0002ccd4   Number         0  nrf_fstorage_sd.o(sdh_soc_observers0)
    sdh_stack_observers0$$Base               0x0002ccd4   Number         0  nrf_sdh_ble.o(sdh_stack_observers0)
    sdh_stack_observers0$$Limit              0x0002cce4   Number         0  nrf_sdh_soc.o(sdh_stack_observers0)
    sdh_state_observers0$$Base               0x0002cce4   Number         0  nrf_drv_clock.o(sdh_state_observers0)
    sdh_state_observers0$$Limit              0x0002ccf4   Number         0  nrf_fstorage_sd.o(sdh_state_observers0)
    Image$$RW_IRAM1$$Base                    0x20004368   Number         0  anon$$obj.o ABSOLUTE
    adv_count                                0x2000436c   Data           4  main.o(.data)
    con_handle                               0x20004378   Data           8  main.o(.data)
    nrf_drv_uart_use_easy_dma                0x20005a10   Data           1  nrf_drv_uart.o(.data)
    __stdout                                 0x20005a88   Data           4  retarget.o(.data)
    SystemCoreClock                          0x20005b0c   Data           4  system_nrf52.o(.data)
    log_dynamic_data$$Base                   0x20005b10   Number         0  ble_db_discovery.o(log_dynamic_data)
    m_nrf_log_ble_db_disc_logs_data_dynamic  0x20005b10   Data           4  ble_db_discovery.o(log_dynamic_data)
    m_nrf_log_nrf_ble_gatt_logs_data_dynamic 0x20005b14   Data           4  nrf_ble_gatt.o(log_dynamic_data)
    m_nrf_log_ble_lbs_c_logs_data_dynamic    0x20005b18   Data           4  ble_lbs_c.o(log_dynamic_data)
    m_nrf_log_clock_logs_data_dynamic        0x20005b1c   Data           4  nrf_drv_clock.o(log_dynamic_data)
    m_nrf_log_CLOCK_logs_data_dynamic        0x20005b20   Data           4  nrfx_clock.o(log_dynamic_data)
    m_nrf_log_GPIOTE_logs_data_dynamic       0x20005b24   Data           4  nrfx_gpiote.o(log_dynamic_data)
    m_nrf_log_PRS_logs_data_dynamic          0x20005b28   Data           4  nrfx_prs.o(log_dynamic_data)
    m_nrf_log_UART_logs_data_dynamic         0x20005b2c   Data           4  nrfx_uart.o(log_dynamic_data)
    m_nrf_log_UARTE_logs_data_dynamic        0x20005b30   Data           4  nrfx_uarte.o(log_dynamic_data)
    m_nrf_log_nrf_fstorage_logs_data_dynamic 0x20005b34   Data           4  nrf_fstorage.o(log_dynamic_data)
    m_nrf_log_atfifo_m_fifo_logs_data_dynamic 0x20005b38   Data           4  nrf_fstorage_sd.o(log_dynamic_data)
    m_nrf_log_pwr_mgmt_logs_data_dynamic     0x20005b3c   Data           4  nrf_pwr_mgmt.o(log_dynamic_data)
    m_nrf_log_balloc_log_mempool_logs_data_dynamic 0x20005b40   Data           4  nrf_log_frontend.o(log_dynamic_data)
    m_nrf_log_app_logs_data_dynamic          0x20005b44   Data           4  nrf_log_frontend.o(log_dynamic_data)
    m_nrf_log_nrf_sdh_logs_data_dynamic      0x20005b48   Data           4  nrf_sdh.o(log_dynamic_data)
    m_nrf_log_nrf_sdh_ble_logs_data_dynamic  0x20005b4c   Data           4  nrf_sdh_ble.o(log_dynamic_data)
    m_nrf_log_nrf_sdh_soc_logs_data_dynamic  0x20005b50   Data           4  nrf_sdh_soc.o(log_dynamic_data)
    nrf_nvic_state                           0x2000657c   Data          12  app_util_platform.o(.bss)
    _SEGGER_RTT                              0x20006b78   Data         120  segger_rtt.o(.bss)
    __initial_sp                             0x20008e00   Data           0  arm_startup_nrf52.o(STACK)



==============================================================================

Memory Map of the image

  Image Entry point : 0x00026201

  Load Region LR_IROM1 (Base: 0x00026000, Size: 0x000084e0, Max: 0x0005a000, ABSOLUTE, COMPRESSED[0x00006d80])

    Execution Region ER_IROM1 (Exec base: 0x00026000, Load base: 0x00026000, Size: 0x00006cf4, Max: 0x0005a000, ABSOLUTE)

    Exec Addr    Load Addr    Size         Type   Attr      Idx    E Section Name        Object

    0x00026000   0x00026000   0x00000200   Data   RO         4833    RESET               arm_startup_nrf52.o
    0x00026200   0x00026200   0x00000000   Code   RO         4878  * .ARM.Collect$$$$00000000  mc_w.l(entry.o)
    0x00026200   0x00026200   0x00000004   Code   RO         5185    .ARM.Collect$$$$00000001  mc_w.l(entry2.o)
    0x00026204   0x00026204   0x00000004   Code   RO         5188    .ARM.Collect$$$$00000004  mc_w.l(entry5.o)
    0x00026208   0x00026208   0x00000000   Code   RO         5190    .ARM.Collect$$$$00000008  mc_w.l(entry7b.o)
    0x00026208   0x00026208   0x00000000   Code   RO         5192    .ARM.Collect$$$$0000000A  mc_w.l(entry8b.o)
    0x00026208   0x00026208   0x00000008   Code   RO         5193    .ARM.Collect$$$$0000000B  mc_w.l(entry9a.o)
    0x00026210   0x00026210   0x00000000   Code   RO         5195    .ARM.Collect$$$$0000000D  mc_w.l(entry10a.o)
    0x00026210   0x00026210   0x00000000   Code   RO         5197    .ARM.Collect$$$$0000000F  mc_w.l(entry11a.o)
    0x00026210   0x00026210   0x00000004   Code   RO         5186    .ARM.Collect$$$$00002712  mc_w.l(entry2.o)
    0x00026214   0x00026214   0x0000001a   Code   RO         2585    .emb_text           app_error_handler_keil.o
    0x0002622e   0x0002622e   0x00000002   PAD
    0x00026230   0x00026230   0x000000c8   Code   RO         2971    .emb_text           nrf_atfifo.o
    0x000262f8   0x000262f8   0x000000e2   Code   RO         3110    .emb_text           nrf_atomic.o
    0x000263da   0x000263da   0x00000002   PAD
    0x000263dc   0x000263dc   0x00000024   Code   RO         4834    .text               arm_startup_nrf52.o
    0x00026400   0x00026400   0x0000001e   Code   RO         4883    .text               mc_w.l(llshl.o)
    0x0002641e   0x0002641e   0x00000002   PAD
    0x00026420   0x00026420   0x00000008   Code   RO         4885    .text               mc_w.l(ctype_o.o)
    0x00026428   0x00026428   0x00000024   Code   RO         4913    .text               mc_w.l(memcpya.o)
    0x0002644c   0x0002644c   0x00000024   Code   RO         4915    .text               mc_w.l(memseta.o)
    0x00026470   0x00026470   0x0000000e   Code   RO         4917    .text               mc_w.l(strlen.o)
    0x0002647e   0x0002647e   0x0000001a   Code   RO         4919    .text               mc_w.l(memcmp.o)
    0x00026498   0x00026498   0x00000012   Code   RO         4921    .text               mc_w.l(strcpy.o)
    0x000264aa   0x000264aa   0x00000002   PAD
    0x000264ac   0x000264ac   0x00000024   Code   RO         5214    .text               mc_w.l(init.o)
    0x000264d0   0x000264d0   0x00000056   Code   RO         5228    .text               mc_w.l(__dczerorl2.o)
    0x00026526   0x00026526   0x00000002   PAD
    0x00026528   0x00026528   0x00000164   Code   RO         1796    i.GPIOTE_IRQHandler  nrfx_gpiote.o
    0x0002668c   0x0002668c   0x00000016   Code   RO         2688    i.NVIC_ClearPendingIRQ  app_timer.o
    0x000266a2   0x000266a2   0x00000016   Code   RO         2689    i.NVIC_EnableIRQ    app_timer.o
    0x000266b8   0x000266b8   0x00000016   Code   RO         2690    i.NVIC_SetPendingIRQ  app_timer.o
    0x000266ce   0x000266ce   0x00000020   Code   RO         2691    i.NVIC_SetPriority  app_timer.o
    0x000266ee   0x000266ee   0x00000002   PAD
    0x000266f0   0x000266f0   0x00000058   Code   RO         1664    i.POWER_CLOCK_IRQHandler  nrfx_clock.o
    0x00026748   0x00026748   0x00000024   Code   RO         2692    i.RTC1_IRQHandler   app_timer.o
    0x0002676c   0x0002676c   0x00000004   Code   RO         4364    i.SEGGER_RTT_Init   segger_rtt.o
    0x00026770   0x00026770   0x0000005c   Code   RO         4378    i.SEGGER_RTT_WriteNoLock  segger_rtt.o
    0x000267cc   0x000267cc   0x00000004   Code   RO         2693    i.SWI0_EGU0_IRQHandler  app_timer.o
    0x000267d0   0x000267d0   0x00000004   Code   RO         4615    i.SWI2_EGU2_IRQHandler  nrf_sdh.o
    0x000267d4   0x000267d4   0x0000031c   Code   RO         4842    i.SystemInit        system_nrf52.o
    0x00026af0   0x00026af0   0x0000000c   Code   RO         2095    i.UARTE0_UART0_IRQHandler  nrfx_prs.o
    0x00026afc   0x00026afc   0x00000068   Code   RO         4382    i._DoInit           segger_rtt.o
    0x00026b64   0x00026b64   0x00000016   Code   RO         4383    i._GetAvailWriteSpace  segger_rtt.o
    0x00026b7a   0x00026b7a   0x0000005a   Code   RO         4385    i._WriteBlocking    segger_rtt.o
    0x00026bd4   0x00026bd4   0x00000042   Code   RO         4386    i._WriteNoCheck     segger_rtt.o
    0x00026c16   0x00026c16   0x00000002   PAD
    0x00026c18   0x00026c18   0x00000010   Code   RO         4926    i.__0printf$bare    mc_w.l(printfb.o)
    0x00026c28   0x00026c28   0x0000000e   Code   RO         5222    i.__scatterload_copy  mc_w.l(handlers.o)
    0x00026c36   0x00026c36   0x00000002   Code   RO         5223    i.__scatterload_null  mc_w.l(handlers.o)
    0x00026c38   0x00026c38   0x0000000e   Code   RO         5224    i.__scatterload_zeroinit  mc_w.l(handlers.o)
    0x00026c46   0x00026c46   0x00000002   PAD
    0x00026c48   0x00026c48   0x00000024   Code   RO         4616    i.__sd_nvic_app_accessible_irq  nrf_sdh.o
    0x00026c6c   0x00026c6c   0x00000016   Code   RO         4617    i.__sd_nvic_is_app_accessible_priority  nrf_sdh.o
    0x00026c82   0x00026c82   0x00000022   Code   RO         4933    i._printf_core      mc_w.l(printfb.o)
    0x00026ca4   0x00026ca4   0x0000001c   Code   RO          930    i.active_flag_count  ble_conn_state.o
    0x00026cc0   0x00026cc0   0x00000046   Code   RO          672    i.advertising_buttons_configure  bsp_btn_ble.o
    0x00026d06   0x00026d06   0x00000002   PAD
    0x00026d08   0x00026d08   0x00000030   Code   RO         2486    i.app_button_disable  app_button.o
    0x00026d38   0x00026d38   0x00000024   Code   RO         2487    i.app_button_enable  app_button.o
    0x00026d5c   0x00026d5c   0x00000078   Code   RO         2488    i.app_button_init   app_button.o
    0x00026dd4   0x00026dd4   0x00000174   Code   RO         2607    i.app_error_fault_handler  app_error_weak.o
    0x00026f48   0x00026f48   0x00000064   Code   RO         2552    i.app_error_save_and_stop  app_error.o
    0x00026fac   0x00026fac   0x00000016   Code   RO         3902    i.app_fifo_get      app_fifo.o
    0x00026fc2   0x00026fc2   0x00000020   Code   RO         3903    i.app_fifo_init     app_fifo.o
    0x00026fe2   0x00026fe2   0x0000001a   Code   RO         3905    i.app_fifo_put      app_fifo.o
    0x00026ffc   0x00026ffc   0x00000028   Code   RO         2696    i.app_timer_create  app_timer.o
    0x00027024   0x00027024   0x00000054   Code   RO         2697    i.app_timer_init    app_timer.o
    0x00027078   0x00027078   0x00000088   Code   RO         2700    i.app_timer_start   app_timer.o
    0x00027100   0x00027100   0x00000020   Code   RO         2701    i.app_timer_stop    app_timer.o
    0x00027120   0x00027120   0x00000074   Code   RO         3817    i.app_uart_get      app_uart_fifo.o
    0x00027194   0x00027194   0x000000a4   Code   RO         3818    i.app_uart_init     app_uart_fifo.o
    0x00027238   0x00027238   0x00000054   Code   RO         3819    i.app_uart_put      app_uart_fifo.o
    0x0002728c   0x0002728c   0x00000048   Code   RO         2858    i.app_util_critical_region_enter  app_util_platform.o
    0x000272d4   0x000272d4   0x00000034   Code   RO         2859    i.app_util_critical_region_exit  app_util_platform.o
    0x00027308   0x00027308   0x00000088   Code   RO         2146    i.apply_config      nrfx_uart.o
    0x00027390   0x00027390   0x00000088   Code   RO         2334    i.apply_config      nrfx_uarte.o
    0x00027418   0x00027418   0x0000000c   Code   RO          931    i.bcs_internal_state_reset  ble_conn_state.o
    0x00027424   0x00027424   0x00000044   Code   RO          720    i.ble_advdata_name_find  ble_advdata.o
    0x00027468   0x00027468   0x00000038   Code   RO          722    i.ble_advdata_search  ble_advdata.o
    0x000274a0   0x000274a0   0x0000001c   Code   RO          932    i.ble_conn_state_central_conn_count  ble_conn_state.o
    0x000274bc   0x000274bc   0x00000004   Code   RO          940    i.ble_conn_state_init  ble_conn_state.o
    0x000274c0   0x000274c0   0x00000040   Code   RO         1098    i.ble_db_discovery_evt_register  ble_db_discovery.o
    0x00027500   0x00027500   0x0000001c   Code   RO         1099    i.ble_db_discovery_init  ble_db_discovery.o
    0x0002751c   0x0002751c   0x00000090   Code   RO         1100    i.ble_db_discovery_on_ble_evt  ble_db_discovery.o
    0x000275ac   0x000275ac   0x00000028   Code   RO         1101    i.ble_db_discovery_start  ble_db_discovery.o
    0x000275d4   0x000275d4   0x00000250   Code   RO            5    i.ble_evt_handler   main.o
    0x00027824   0x00027824   0x00000070   Code   RO          673    i.ble_evt_handler   bsp_btn_ble.o
    0x00027894   0x00027894   0x00000144   Code   RO          950    i.ble_evt_handler   ble_conn_state.o
    0x000279d8   0x000279d8   0x00000058   Code   RO         1378    i.ble_lbs_c_button_notif_enable  ble_lbs_c.o
    0x00027a30   0x00027a30   0x00000018   Code   RO         1379    i.ble_lbs_c_handles_assign  ble_lbs_c.o
    0x00027a48   0x00027a48   0x00000054   Code   RO         1380    i.ble_lbs_c_init    ble_lbs_c.o
    0x00027a9c   0x00027a9c   0x00000086   Code   RO         1381    i.ble_lbs_c_on_ble_evt  ble_lbs_c.o
    0x00027b22   0x00027b22   0x00000002   PAD
    0x00027b24   0x00027b24   0x00000084   Code   RO         1382    i.ble_lbs_c_string_send  ble_lbs_c.o
    0x00027ba8   0x00027ba8   0x00000058   Code   RO         1383    i.ble_lbs_led_status_send  ble_lbs_c.o
    0x00027c00   0x00027c00   0x0000008e   Code   RO         1384    i.ble_lbs_on_db_disc_evt  ble_lbs_c.o
    0x00027c8e   0x00027c8e   0x00000002   PAD
    0x00027c90   0x00027c90   0x00000044   Code   RO            6    i.ble_stack_init    main.o
    0x00027cd4   0x00027cd4   0x00000054   Code   RO          424    i.bsp_board_init    boards.o
    0x00027d28   0x00027d28   0x00000010   Code   RO          427    i.bsp_board_led_off  boards.o
    0x00027d38   0x00027d38   0x00000010   Code   RO          428    i.bsp_board_led_on  boards.o
    0x00027d48   0x00027d48   0x00000012   Code   RO          430    i.bsp_board_leds_off  boards.o
    0x00027d5a   0x00027d5a   0x00000002   PAD
    0x00027d5c   0x00027d5c   0x00000044   Code   RO          560    i.bsp_event_to_button_action_assign  bsp.o
    0x00027da0   0x00027da0   0x00000090   Code   RO         4118    i.buf_prealloc      nrf_log_frontend.o
    0x00027e30   0x00027e30   0x0000001e   Code   RO         3322    i.buffer_add        nrf_fprintf_format.o
    0x00027e4e   0x00027e4e   0x00000002   PAD
    0x00027e50   0x00027e50   0x00000014   Code   RO         4119    i.buffer_is_empty   nrf_log_frontend.o
    0x00027e64   0x00027e64   0x0000008c   Code   RO            7    i.button_event_handler  main.o
    0x00027ef0   0x00027ef0   0x0000001c   Code   RO         1797    i.channel_free      nrfx_gpiote.o
    0x00027f0c   0x00027f0c   0x00000048   Code   RO         1798    i.channel_port_alloc  nrfx_gpiote.o
    0x00027f54   0x00027f54   0x00000010   Code   RO         1799    i.channel_port_get  nrfx_gpiote.o
    0x00027f64   0x00027f64   0x00000042   Code   RO         1102    i.characteristics_discover  ble_db_discovery.o
    0x00027fa6   0x00027fa6   0x00000002   PAD
    0x00027fa8   0x00027fa8   0x00000028   Code   RO         1466    i.clock_clk_started_notify  nrf_drv_clock.o
    0x00027fd0   0x00027fd0   0x0000001c   Code   RO         1467    i.clock_irq_handler  nrf_drv_clock.o
    0x00027fec   0x00027fec   0x000000ac   Code   RO         2703    i.compare_reg_update  app_timer.o
    0x00028098   0x00028098   0x0000003e   Code   RO          951    i.conn_handle_list_get  ble_conn_state.o
    0x000280d6   0x000280d6   0x00000002   PAD
    0x000280d8   0x000280d8   0x000000bc   Code   RO         1279    i.data_length_update  nrf_ble_gatt.o
    0x00028194   0x00028194   0x00000014   Code   RO            8    i.db_disc_handler   main.o
    0x000281a8   0x000281a8   0x0000008c   Code   RO         1103    i.descriptors_discover  ble_db_discovery.o
    0x00028234   0x00028234   0x00000098   Code   RO         2490    i.detection_delay_timeout_handler  app_button.o
    0x000282cc   0x000282cc   0x00000090   Code   RO         1104    i.discovery_complete_evt_trigger  ble_db_discovery.o
    0x0002835c   0x0002835c   0x0000003c   Code   RO         1105    i.discovery_error_evt_trigger  ble_db_discovery.o
    0x00028398   0x00028398   0x0000005c   Code   RO         1106    i.discovery_start   ble_db_discovery.o
    0x000283f4   0x000283f4   0x00000014   Code   RO         4121    i.dropped_sat16_get  nrf_log_frontend.o
    0x00028408   0x00028408   0x00000040   Code   RO         2704    i.elapsed_ticks_acquire  app_timer.o
    0x00028448   0x00028448   0x00000070   Code   RO            9    i.event_of_b        main.o
    0x000284b8   0x000284b8   0x00000070   Code   RO           10    i.event_of_b1       main.o
    0x00028528   0x00028528   0x00000074   Code   RO           11    i.event_of_b2       main.o
    0x0002859c   0x0002859c   0x00000074   Code   RO           12    i.event_of_b3       main.o
    0x00028610   0x00028610   0x00000074   Code   RO           13    i.event_of_b4       main.o
    0x00028684   0x00028684   0x00000074   Code   RO           14    i.event_of_b5       main.o
    0x000286f8   0x000286f8   0x00000074   Code   RO           15    i.event_of_b6       main.o
    0x0002876c   0x0002876c   0x00000074   Code   RO           16    i.event_of_b7       main.o
    0x000287e0   0x000287e0   0x00000054   Code   RO         3447    i.event_send        nrf_fstorage_sd.o
    0x00028834   0x00028834   0x00000014   Code   RO         3908    i.fifo_get          app_fifo.o
    0x00028848   0x00028848   0x00000012   Code   RO         3909    i.fifo_put          app_fifo.o
    0x0002885a   0x0002885a   0x0000000e   Code   RO         3778    i.fputc             retarget.o
    0x00028868   0x00028868   0x00000084   Code   RO         2491    i.gpiote_event_handler  app_button.o
    0x000288ec   0x000288ec   0x000000a6   Code   RO         3323    i.int_print         nrf_fprintf_format.o
    0x00028992   0x00028992   0x00000002   PAD
    0x00028994   0x00028994   0x00000080   Code   RO         2335    i.interrupts_enable  nrfx_uarte.o
    0x00028a14   0x00028a14   0x0000004c   Code   RO         4122    i.invalid_packets_pushed_str_omit  nrf_log_frontend.o
    0x00028a60   0x00028a60   0x0000004c   Code   RO         1107    i.is_desc_discovery_reqd  ble_db_discovery.o
    0x00028aac   0x00028aac   0x00000002   Code   RO           17    i.lbs_c_evt_handler  main.o
    0x00028aae   0x00028aae   0x00000002   PAD
    0x00028ab0   0x00028ab0   0x00000020   Code   RO           18    i.led_status_send_to_two  main.o
    0x00028ad0   0x00028ad0   0x00000014   Code   RO         1280    i.link_init         nrf_ble_gatt.o
    0x00028ae4   0x00028ae4   0x000000f8   Code   RO         2705    i.list_insertions_handler  app_timer.o
    0x00028bdc   0x00028bdc   0x0000009c   Code   RO         4123    i.log_skip          nrf_log_frontend.o
    0x00028c78   0x00028c78   0x00000144   Code   RO           19    i.main              main.o
    0x00028dbc   0x00028dbc   0x00000076   Code   RO         3561    i.memobj_op         nrf_memobj.o
    0x00028e32   0x00028e32   0x00000002   PAD
    0x00028e34   0x00028e34   0x00000030   Code   RO         4124    i.module_idx_get    nrf_log_frontend.o
    0x00028e64   0x00028e64   0x00000016   Code   RO         2977    i.nrf_atfifo_item_free  nrf_atfifo.o
    0x00028e7a   0x00028e7a   0x00000016   Code   RO         2978    i.nrf_atfifo_item_get  nrf_atfifo.o
    0x00028e90   0x00028e90   0x00000016   Code   RO         3044    i.nrf_atflags_clear  nrf_atflags.o
    0x00028ea6   0x00028ea6   0x00000016   Code   RO         3049    i.nrf_atflags_get   nrf_atflags.o
    0x00028ebc   0x00028ebc   0x00000014   Code   RO         3051    i.nrf_atflags_set   nrf_atflags.o
    0x00028ed0   0x00028ed0   0x00000006   Code   RO         3112    i.nrf_atomic_flag_clear_fetch  nrf_atomic.o
    0x00028ed6   0x00028ed6   0x00000006   Code   RO         3113    i.nrf_atomic_flag_set  nrf_atomic.o
    0x00028edc   0x00028edc   0x0000000c   Code   RO         3115    i.nrf_atomic_u32_add  nrf_atomic.o
    0x00028ee8   0x00028ee8   0x0000000c   Code   RO         3116    i.nrf_atomic_u32_and  nrf_atomic.o
    0x00028ef4   0x00028ef4   0x0000000a   Code   RO         3119    i.nrf_atomic_u32_fetch_and  nrf_atomic.o
    0x00028efe   0x00028efe   0x0000000a   Code   RO         3121    i.nrf_atomic_u32_fetch_store  nrf_atomic.o
    0x00028f08   0x00028f08   0x0000000c   Code   RO         3125    i.nrf_atomic_u32_or  nrf_atomic.o
    0x00028f14   0x00028f14   0x0000000c   Code   RO         3127    i.nrf_atomic_u32_sub  nrf_atomic.o
    0x00028f20   0x00028f20   0x00000044   Code   RO         3246    i.nrf_balloc_alloc  nrf_balloc.o
    0x00028f64   0x00028f64   0x00000030   Code   RO         3247    i.nrf_balloc_free   nrf_balloc.o
    0x00028f94   0x00028f94   0x00000030   Code   RO         3248    i.nrf_balloc_init   nrf_balloc.o
    0x00028fc4   0x00028fc4   0x00000010   Code   RO         1800    i.nrf_bitmask_bit_is_set  nrfx_gpiote.o
    0x00028fd4   0x00028fd4   0x00000014   Code   RO         1801    i.nrf_bitmask_bit_set  nrfx_gpiote.o
    0x00028fe8   0x00028fe8   0x0000002c   Code   RO         1286    i.nrf_ble_gatt_init  nrf_ble_gatt.o
    0x00029014   0x00029014   0x00000168   Code   RO         1287    i.nrf_ble_gatt_on_ble_evt  nrf_ble_gatt.o
    0x0002917c   0x0002917c   0x0000000e   Code   RO         1665    i.nrf_clock_event_check  nrfx_clock.o
    0x0002918a   0x0002918a   0x00000010   Code   RO         1666    i.nrf_clock_event_clear  nrfx_clock.o
    0x0002919a   0x0002919a   0x00000002   PAD
    0x0002919c   0x0002919c   0x00000038   Code   RO         1474    i.nrf_drv_clock_init  nrf_drv_clock.o
    0x000291d4   0x000291d4   0x00000030   Code   RO         1478    i.nrf_drv_clock_lfclk_release  nrf_drv_clock.o
    0x00029204   0x00029204   0x00000068   Code   RO         1612    i.nrf_drv_uart_init  nrf_drv_uart.o
    0x0002926c   0x0002926c   0x00000020   Code   RO         3820    i.nrf_drv_uart_rx   app_uart_fifo.o
    0x0002928c   0x0002928c   0x00000020   Code   RO         3821    i.nrf_drv_uart_tx   app_uart_fifo.o
    0x000292ac   0x000292ac   0x0000001a   Code   RO         3283    i.nrf_fprintf       nrf_fprintf.o
    0x000292c6   0x000292c6   0x00000018   Code   RO         3284    i.nrf_fprintf_buffer_flush  nrf_fprintf.o
    0x000292de   0x000292de   0x000001da   Code   RO         3324    i.nrf_fprintf_fmt   nrf_fprintf_format.o
    0x000294b8   0x000294b8   0x00000018   Code   RO         3450    i.nrf_fstorage_sdh_req_handler  nrf_fstorage_sd.o
    0x000294d0   0x000294d0   0x00000020   Code   RO         3451    i.nrf_fstorage_sdh_state_handler  nrf_fstorage_sd.o
    0x000294f0   0x000294f0   0x000000a4   Code   RO         3452    i.nrf_fstorage_sys_evt_handler  nrf_fstorage_sd.o
    0x00029594   0x00029594   0x00000024   Code   RO          434    i.nrf_gpio_cfg      boards.o
    0x000295b8   0x000295b8   0x00000024   Code   RO         1802    i.nrf_gpio_cfg      nrfx_gpiote.o
    0x000295dc   0x000295dc   0x00000024   Code   RO         2147    i.nrf_gpio_cfg      nrfx_uart.o
    0x00029600   0x00029600   0x00000024   Code   RO         2336    i.nrf_gpio_cfg      nrfx_uarte.o
    0x00029624   0x00029624   0x00000012   Code   RO         2149    i.nrf_gpio_cfg_input  nrfx_uart.o
    0x00029636   0x00029636   0x00000012   Code   RO         2338    i.nrf_gpio_cfg_input  nrfx_uarte.o
    0x00029648   0x00029648   0x00000014   Code   RO         2150    i.nrf_gpio_cfg_output  nrfx_uart.o
    0x0002965c   0x0002965c   0x00000014   Code   RO         2339    i.nrf_gpio_cfg_output  nrfx_uarte.o
    0x00029670   0x00029670   0x00000022   Code   RO         1804    i.nrf_gpio_cfg_sense_set  nrfx_gpiote.o
    0x00029692   0x00029692   0x00000016   Code   RO          435    i.nrf_gpio_pin_write  boards.o
    0x000296a8   0x000296a8   0x00000028   Code   RO         1805    i.nrf_gpio_ports_read  nrfx_gpiote.o
    0x000296d0   0x000296d0   0x00000014   Code   RO         1806    i.nrf_gpiote_event_clear  nrfx_gpiote.o
    0x000296e4   0x000296e4   0x00000010   Code   RO         1807    i.nrf_gpiote_event_is_set  nrfx_gpiote.o
    0x000296f4   0x000296f4   0x00000050   Code   RO         4125    i.nrf_log_backend_add  nrf_log_frontend.o
    0x00029744   0x00029744   0x00000002   Code   RO         3971    i.nrf_log_backend_rtt_flush  nrf_log_backend_rtt.o
    0x00029746   0x00029746   0x00000004   Code   RO         3972    i.nrf_log_backend_rtt_init  nrf_log_backend_rtt.o
    0x0002974a   0x0002974a   0x00000002   Code   RO         3973    i.nrf_log_backend_rtt_panic_set  nrf_log_backend_rtt.o
    0x0002974c   0x0002974c   0x00000018   Code   RO         3974    i.nrf_log_backend_rtt_put  nrf_log_backend_rtt.o
    0x00029764   0x00029764   0x000000c8   Code   RO         4033    i.nrf_log_backend_serial_put  nrf_log_backend_serial.o
    0x0002982c   0x0002982c   0x00000030   Code   RO         4127    i.nrf_log_color_id_get  nrf_log_frontend.o
    0x0002985c   0x0002985c   0x0000001c   Code   RO         4085    i.nrf_log_default_backends_init  nrf_log_default_backends.o
    0x00029878   0x00029878   0x00000220   Code   RO         4128    i.nrf_log_frontend_dequeue  nrf_log_frontend.o
    0x00029a98   0x00029a98   0x00000008   Code   RO         4130    i.nrf_log_frontend_std_0  nrf_log_frontend.o
    0x00029aa0   0x00029aa0   0x0000000e   Code   RO         4131    i.nrf_log_frontend_std_1  nrf_log_frontend.o
    0x00029aae   0x00029aae   0x00000010   Code   RO         4132    i.nrf_log_frontend_std_2  nrf_log_frontend.o
    0x00029abe   0x00029abe   0x0000001c   Code   RO         4135    i.nrf_log_frontend_std_5  nrf_log_frontend.o
    0x00029ada   0x00029ada   0x00000002   PAD
    0x00029adc   0x00029adc   0x000000ac   Code   RO         4305    i.nrf_log_hexdump_entry_process  nrf_log_str_formatter.o
    0x00029b88   0x00029b88   0x00000058   Code   RO         4137    i.nrf_log_init      nrf_log_frontend.o
    0x00029be0   0x00029be0   0x00000014   Code   RO         4138    i.nrf_log_module_cnt_get  nrf_log_frontend.o
    0x00029bf4   0x00029bf4   0x0000001c   Code   RO         4141    i.nrf_log_module_name_get  nrf_log_frontend.o
    0x00029c10   0x00029c10   0x00000028   Code   RO         4142    i.nrf_log_panic     nrf_log_frontend.o
    0x00029c38   0x00029c38   0x000000b6   Code   RO         4306    i.nrf_log_std_entry_process  nrf_log_str_formatter.o
    0x00029cee   0x00029cee   0x00000060   Code   RO         3562    i.nrf_memobj_alloc  nrf_memobj.o
    0x00029d4e   0x00029d4e   0x00000032   Code   RO         3563    i.nrf_memobj_free   nrf_memobj.o
    0x00029d80   0x00029d80   0x00000008   Code   RO         3564    i.nrf_memobj_get    nrf_memobj.o
    0x00029d88   0x00029d88   0x00000004   Code   RO         3565    i.nrf_memobj_pool_init  nrf_memobj.o
    0x00029d8c   0x00029d8c   0x0000001e   Code   RO         3566    i.nrf_memobj_put    nrf_memobj.o
    0x00029daa   0x00029daa   0x0000000c   Code   RO         3567    i.nrf_memobj_read   nrf_memobj.o
    0x00029db6   0x00029db6   0x0000000c   Code   RO         3568    i.nrf_memobj_write  nrf_memobj.o
    0x00029dc2   0x00029dc2   0x00000002   PAD
    0x00029dc4   0x00029dc4   0x00000028   Code   RO         3640    i.nrf_pwr_mgmt_init  nrf_pwr_mgmt.o
    0x00029dec   0x00029dec   0x00000044   Code   RO         3641    i.nrf_pwr_mgmt_run  nrf_pwr_mgmt.o
    0x00029e30   0x00029e30   0x00000014   Code   RO         4751    i.nrf_sdh_ble_app_ram_start_get  nrf_sdh_ble.o
    0x00029e44   0x00029e44   0x0000010c   Code   RO         4752    i.nrf_sdh_ble_default_cfg_set  nrf_sdh_ble.o
    0x00029f50   0x00029f50   0x0000012c   Code   RO         4753    i.nrf_sdh_ble_enable  nrf_sdh_ble.o
    0x0002a07c   0x0002a07c   0x000000a0   Code   RO         4754    i.nrf_sdh_ble_evts_poll  nrf_sdh_ble.o
    0x0002a11c   0x0002a11c   0x00000054   Code   RO         4618    i.nrf_sdh_disable_request  nrf_sdh.o
    0x0002a170   0x0002a170   0x00000078   Code   RO         4619    i.nrf_sdh_enable_request  nrf_sdh.o
    0x0002a1e8   0x0002a1e8   0x00000024   Code   RO         4620    i.nrf_sdh_evts_poll  nrf_sdh.o
    0x0002a20c   0x0002a20c   0x0000000c   Code   RO         4621    i.nrf_sdh_is_enabled  nrf_sdh.o
    0x0002a218   0x0002a218   0x0000001c   Code   RO         4623    i.nrf_sdh_request_continue  nrf_sdh.o
    0x0002a234   0x0002a234   0x00000080   Code   RO         4802    i.nrf_sdh_soc_evts_poll  nrf_sdh_soc.o
    0x0002a2b4   0x0002a2b4   0x0000000a   Code   RO         3709    i.nrf_section_iter_init  nrf_section_iter.o
    0x0002a2be   0x0002a2be   0x00000024   Code   RO         3710    i.nrf_section_iter_item_set  nrf_section_iter.o
    0x0002a2e2   0x0002a2e2   0x00000020   Code   RO         3711    i.nrf_section_iter_next  nrf_section_iter.o
    0x0002a302   0x0002a302   0x00000002   PAD
    0x0002a304   0x0002a304   0x00000038   Code   RO         3744    i.nrf_strerror_find  nrf_strerror.o
    0x0002a33c   0x0002a33c   0x00000014   Code   RO         3745    i.nrf_strerror_get  nrf_strerror.o
    0x0002a350   0x0002a350   0x0000000a   Code   RO         2151    i.nrf_uart_event_check  nrfx_uart.o
    0x0002a35a   0x0002a35a   0x0000000c   Code   RO         2152    i.nrf_uart_event_clear  nrfx_uart.o
    0x0002a366   0x0002a366   0x0000000c   Code   RO         2153    i.nrf_uart_int_enable_check  nrfx_uart.o
    0x0002a372   0x0002a372   0x0000000a   Code   RO         2340    i.nrf_uarte_event_check  nrfx_uarte.o
    0x0002a37c   0x0002a37c   0x0000000c   Code   RO         2341    i.nrf_uarte_event_clear  nrfx_uarte.o
    0x0002a388   0x0002a388   0x0000002c   Code   RO         1671    i.nrfx_clock_enable  nrfx_clock.o
    0x0002a3b4   0x0002a3b4   0x00000020   Code   RO         1674    i.nrfx_clock_init   nrfx_clock.o
    0x0002a3d4   0x0002a3d4   0x0000001c   Code   RO         1677    i.nrfx_clock_lfclk_stop  nrfx_clock.o
    0x0002a3f0   0x0002a3f0   0x00000010   Code   RO         2706    i.nrfx_coredep_delay_us  app_timer.o
    0x0002a400   0x0002a400   0x00000048   Code   RO         1811    i.nrfx_gpiote_in_event_disable  nrfx_gpiote.o
    0x0002a448   0x0002a448   0x000000a4   Code   RO         1812    i.nrfx_gpiote_in_event_enable  nrfx_gpiote.o
    0x0002a4ec   0x0002a4ec   0x000000d0   Code   RO         1813    i.nrfx_gpiote_in_init  nrfx_gpiote.o
    0x0002a5bc   0x0002a5bc   0x00000014   Code   RO         1814    i.nrfx_gpiote_in_is_set  nrfx_gpiote.o
    0x0002a5d0   0x0002a5d0   0x00000070   Code   RO         1816    i.nrfx_gpiote_init  nrfx_gpiote.o
    0x0002a640   0x0002a640   0x00000014   Code   RO         1817    i.nrfx_gpiote_is_init  nrfx_gpiote.o
    0x0002a654   0x0002a654   0x00000010   Code   RO         2342    i.nrfx_is_in_ram    nrfx_uarte.o
    0x0002a664   0x0002a664   0x0000003a   Code   RO         2096    i.nrfx_prs_acquire  nrfx_prs.o
    0x0002a69e   0x0002a69e   0x00000002   PAD
    0x0002a6a0   0x0002a6a0   0x00000010   Code   RO         2154    i.nrfx_uart_0_irq_handler  nrfx_uart.o
    0x0002a6b0   0x0002a6b0   0x000000d4   Code   RO         2156    i.nrfx_uart_init    nrfx_uart.o
    0x0002a784   0x0002a784   0x000000ec   Code   RO         2157    i.nrfx_uart_rx      nrfx_uart.o
    0x0002a870   0x0002a870   0x000000a4   Code   RO         2162    i.nrfx_uart_tx      nrfx_uart.o
    0x0002a914   0x0002a914   0x00000020   Code   RO         2164    i.nrfx_uart_tx_in_progress  nrfx_uart.o
    0x0002a934   0x0002a934   0x00000010   Code   RO         2343    i.nrfx_uarte_0_irq_handler  nrfx_uarte.o
    0x0002a944   0x0002a944   0x0000006c   Code   RO         2345    i.nrfx_uarte_init   nrfx_uarte.o
    0x0002a9b0   0x0002a9b0   0x00000104   Code   RO         2346    i.nrfx_uarte_rx     nrfx_uarte.o
    0x0002aab4   0x0002aab4   0x00000090   Code   RO         2349    i.nrfx_uarte_tx     nrfx_uarte.o
    0x0002ab44   0x0002ab44   0x0000001c   Code   RO         2351    i.nrfx_uarte_tx_in_progress  nrfx_uarte.o
    0x0002ab60   0x0002ab60   0x0000023c   Code   RO           20    i.on_adv_report     main.o
    0x0002ad9c   0x0002ad9c   0x00000114   Code   RO         1108    i.on_characteristic_discovery_rsp  ble_db_discovery.o
    0x0002aeb0   0x0002aeb0   0x000000a0   Code   RO         1288    i.on_connected_evt  nrf_ble_gatt.o
    0x0002af50   0x0002af50   0x000000f0   Code   RO         1109    i.on_descriptor_discovery_rsp  ble_db_discovery.o
    0x0002b040   0x0002b040   0x000000a4   Code   RO         1289    i.on_exchange_mtu_request_evt  nrf_ble_gatt.o
    0x0002b0e4   0x0002b0e4   0x0000006c   Code   RO         1110    i.on_primary_srv_discovery_rsp  ble_db_discovery.o
    0x0002b150   0x0002b150   0x0000007c   Code   RO         1111    i.on_srv_disc_completion  ble_db_discovery.o
    0x0002b1cc   0x0002b1cc   0x00000018   Code   RO         1833    i.pin_in_use_by_port  nrfx_gpiote.o
    0x0002b1e4   0x0002b1e4   0x00000018   Code   RO         1834    i.pin_in_use_by_te  nrfx_gpiote.o
    0x0002b1fc   0x0002b1fc   0x0000003c   Code   RO         4308    i.postfix_process   nrf_log_str_formatter.o
    0x0002b238   0x0002b238   0x00000098   Code   RO         4309    i.prefix_process    nrf_log_str_formatter.o
    0x0002b2d0   0x0002b2d0   0x00000018   Code   RO         2098    i.prs_box_get       nrfx_prs.o
    0x0002b2e8   0x0002b2e8   0x00000014   Code   RO         3453    i.queue_free        nrf_fstorage_sd.o
    0x0002b2fc   0x0002b2fc   0x000000a0   Code   RO         3454    i.queue_process     nrf_fstorage_sd.o
    0x0002b39c   0x0002b39c   0x00000038   Code   RO         1112    i.registered_handler_get  ble_db_discovery.o
    0x0002b3d4   0x0002b3d4   0x0000003c   Code   RO         2707    i.rtc1_stop         app_timer.o
    0x0002b410   0x0002b410   0x00000032   Code   RO         2166    i.rx_byte           nrfx_uart.o
    0x0002b442   0x0002b442   0x00000016   Code   RO         2167    i.rx_done_event     nrfx_uart.o
    0x0002b458   0x0002b458   0x00000018   Code   RO         2353    i.rx_done_event     nrfx_uarte.o
    0x0002b470   0x0002b470   0x00000020   Code   RO         2168    i.rx_enable         nrfx_uart.o
    0x0002b490   0x0002b490   0x00000074   Code   RO           21    i.scan_start        main.o
    0x0002b504   0x0002b504   0x00000042   Code   RO         4626    i.sd_nvic_SetPriority  nrf_sdh.o
    0x0002b546   0x0002b546   0x00000002   PAD
    0x0002b548   0x0002b548   0x00000050   Code   RO         1481    i.sd_state_evt_handler  nrf_drv_clock.o
    0x0002b598   0x0002b598   0x00000030   Code   RO         4627    i.sdh_request_observer_notify  nrf_sdh.o
    0x0002b5c8   0x0002b5c8   0x0000002c   Code   RO         4628    i.sdh_state_observer_notify  nrf_sdh.o
    0x0002b5f4   0x0002b5f4   0x00000050   Code   RO         3975    i.serial_tx         nrf_log_backend_rtt.o
    0x0002b644   0x0002b644   0x00000018   Code   RO         1482    i.soc_evt_handler   nrf_drv_clock.o
    0x0002b65c   0x0002b65c   0x00000078   Code   RO         4629    i.softdevice_evt_irq_disable  nrf_sdh.o
    0x0002b6d4   0x0002b6d4   0x00000090   Code   RO         4630    i.softdevices_evt_irq_enable  nrf_sdh.o
    0x0002b764   0x0002b764   0x0000008c   Code   RO         4144    i.std_n             nrf_log_frontend.o
    0x0002b7f0   0x0002b7f0   0x0000006c   Code   RO         4631    i.swi_interrupt_priority_workaround  nrf_sdh.o
    0x0002b85c   0x0002b85c   0x00000080   Code   RO         2708    i.timer_list_handler  app_timer.o
    0x0002b8dc   0x0002b8dc   0x0000003c   Code   RO         2709    i.timer_list_insert  app_timer.o
    0x0002b918   0x0002b918   0x00000060   Code   RO         2710    i.timer_list_remove  app_timer.o
    0x0002b978   0x0002b978   0x00000048   Code   RO         2711    i.timer_stop_op_schedule  app_timer.o
    0x0002b9c0   0x0002b9c0   0x00000074   Code   RO         2712    i.timer_timeouts_check  app_timer.o
    0x0002ba34   0x0002ba34   0x00000048   Code   RO         1385    i.tx_buffer_process  ble_lbs_c.o
    0x0002ba7c   0x0002ba7c   0x00000020   Code   RO         2169    i.tx_byte           nrfx_uart.o
    0x0002ba9c   0x0002ba9c   0x0000001a   Code   RO         2170    i.tx_done_event     nrfx_uart.o
    0x0002bab6   0x0002bab6   0x00000002   PAD
    0x0002bab8   0x0002bab8   0x0000011c   Code   RO           22    i.uart_event_handle  main.o
    0x0002bbd4   0x0002bbd4   0x000000a0   Code   RO         3822    i.uart_event_handler  app_uart_fifo.o
    0x0002bc74   0x0002bc74   0x00000030   Code   RO         1613    i.uart_evt_handler  nrf_drv_uart.o
    0x0002bca4   0x0002bca4   0x00000128   Code   RO         2171    i.uart_irq_handler  nrfx_uart.o
    0x0002bdcc   0x0002bdcc   0x00000030   Code   RO         1614    i.uarte_evt_handler  nrf_drv_uart.o
    0x0002bdfc   0x0002bdfc   0x000000f4   Code   RO         2354    i.uarte_irq_handler  nrfx_uarte.o
    0x0002bef0   0x0002bef0   0x000000b4   Code   RO         3325    i.unsigned_print    nrf_fprintf_format.o
    0x0002bfa4   0x0002bfa4   0x00000030   Code   RO         2713    i.user_op_alloc     app_timer.o
    0x0002bfd4   0x0002bfd4   0x00000090   Data   RO           25    .constdata          main.o
    0x0002c064   0x0002c064   0x00000008   Data   RO          436    .constdata          boards.o
    0x0002c06c   0x0002c06c   0x0000007c   Data   RO         1114    .constdata          ble_db_discovery.o
    0x0002c0e8   0x0002c0e8   0x00000016   Data   RO         1290    .constdata          nrf_ble_gatt.o
    0x0002c0fe   0x0002c0fe   0x00000002   PAD
    0x0002c100   0x0002c100   0x0000001c   Data   RO         1387    .constdata          ble_lbs_c.o
    0x0002c11c   0x0002c11c   0x00000004   Data   RO         1836    .constdata          nrfx_gpiote.o
    0x0002c120   0x0002c120   0x00000004   Data   RO         2174    .constdata          nrfx_uart.o
    0x0002c124   0x0002c124   0x00000004   Data   RO         2357    .constdata          nrfx_uarte.o
    0x0002c128   0x0002c128   0x00000008   Data   RO         2493    .constdata          app_button.o
    0x0002c130   0x0002c130   0x00000006   Data   RO         2715    .constdata          app_timer.o
    0x0002c136   0x0002c136   0x00000010   Data   RO         3326    .constdata          nrf_fprintf_format.o
    0x0002c146   0x0002c146   0x00000002   PAD
    0x0002c148   0x0002c148   0x00000010   Data   RO         3462    .constdata          nrf_fstorage_sd.o
    0x0002c158   0x0002c158   0x00000018   Data   RO         3645    .constdata          nrf_pwr_mgmt.o
    0x0002c170   0x0002c170   0x0000000c   Data   RO         3646    .constdata          nrf_pwr_mgmt.o
    0x0002c17c   0x0002c17c   0x0000013c   Data   RO         3746    .constdata          nrf_strerror.o
    0x0002c2b8   0x0002c2b8   0x00000020   Data   RO         3824    .constdata          app_uart_fifo.o
    0x0002c2d8   0x0002c2d8   0x0000000c   Data   RO         3977    .constdata          nrf_log_backend_rtt.o
    0x0002c2e4   0x0002c2e4   0x0000000c   PAD
    0x0002c2f0   0x0002c2f0   0x00000006   Data   RO         3978    .constdata          nrf_log_backend_rtt.o
    0x0002c2f6   0x0002c2f6   0x00000002   PAD
    0x0002c2f8   0x0002c2f8   0x00000010   Data   RO         4632    .constdata          nrf_sdh.o
    0x0002c308   0x0002c308   0x00000028   Data   RO         4633    .constdata          nrf_sdh.o
    0x0002c330   0x0002c330   0x00000010   Data   RO         4634    .constdata          nrf_sdh.o
    0x0002c340   0x0002c340   0x00000010   Data   RO         4635    .constdata          nrf_sdh.o
    0x0002c350   0x0002c350   0x00000020   Data   RO         4755    .constdata          nrf_sdh_ble.o
    0x0002c370   0x0002c370   0x00000010   Data   RO         4756    .constdata          nrf_sdh_ble.o
    0x0002c380   0x0002c380   0x00000010   Data   RO         4803    .constdata          nrf_sdh_soc.o
    0x0002c390   0x0002c390   0x0000000c   Data   RO         4804    .constdata          nrf_sdh_soc.o
    0x0002c39c   0x0002c39c   0x00000081   Data   RO         4886    .constdata          mc_w.l(ctype_o.o)
    0x0002c41d   0x0002c41d   0x00000003   PAD
    0x0002c420   0x0002c420   0x00000004   Data   RO         4887    .constdata          mc_w.l(ctype_o.o)
    0x0002c424   0x0002c424   0x000000a2   Data   RO         1291    .conststring        nrf_ble_gatt.o
    0x0002c4c6   0x0002c4c6   0x00000002   PAD
    0x0002c4c8   0x0002c4c8   0x000003eb   Data   RO         3747    .conststring        nrf_strerror.o
    0x0002c8b3   0x0002c8b3   0x00000001   PAD
    0x0002c8b4   0x0002c8b4   0x00000066   Data   RO         4310    .conststring        nrf_log_str_formatter.o
    0x0002c91a   0x0002c91a   0x00000002   PAD
    0x0002c91c   0x0002c91c   0x00000188   Data   RO         4757    .conststring        nrf_sdh_ble.o
    0x0002caa4   0x0002caa4   0x0000000c   Data   RO         1115    .conststrlit        ble_db_discovery.o
    0x0002cab0   0x0002cab0   0x0000000d   Data   RO         1292    .conststrlit        nrf_ble_gatt.o
    0x0002cabd   0x0002cabd   0x00000003   PAD
    0x0002cac0   0x0002cac0   0x0000000a   Data   RO         1388    .conststrlit        ble_lbs_c.o
    0x0002caca   0x0002caca   0x00000002   PAD
    0x0002cacc   0x0002cacc   0x00000006   Data   RO         1488    .conststrlit        nrf_drv_clock.o
    0x0002cad2   0x0002cad2   0x00000002   PAD
    0x0002cad4   0x0002cad4   0x00000006   Data   RO         1681    .conststrlit        nrfx_clock.o
    0x0002cada   0x0002cada   0x00000002   PAD
    0x0002cadc   0x0002cadc   0x00000007   Data   RO         1840    .conststrlit        nrfx_gpiote.o
    0x0002cae3   0x0002cae3   0x00000001   PAD
    0x0002cae4   0x0002cae4   0x00000004   Data   RO         2100    .conststrlit        nrfx_prs.o
    0x0002cae8   0x0002cae8   0x00000005   Data   RO         2177    .conststrlit        nrfx_uart.o
    0x0002caed   0x0002caed   0x00000003   PAD
    0x0002caf0   0x0002caf0   0x00000006   Data   RO         2360    .conststrlit        nrfx_uarte.o
    0x0002caf6   0x0002caf6   0x00000002   PAD
    0x0002caf8   0x0002caf8   0x0000000d   Data   RO         3374    .conststrlit        nrf_fstorage.o
    0x0002cb05   0x0002cb05   0x00000003   PAD
    0x0002cb08   0x0002cb08   0x0000000e   Data   RO         3464    .conststrlit        nrf_fstorage_sd.o
    0x0002cb16   0x0002cb16   0x00000002   PAD
    0x0002cb18   0x0002cb18   0x00000009   Data   RO         3647    .conststrlit        nrf_pwr_mgmt.o
    0x0002cb21   0x0002cb21   0x00000003   PAD
    0x0002cb24   0x0002cb24   0x00000018   Data   RO         4147    .conststrlit        nrf_log_frontend.o
    0x0002cb3c   0x0002cb3c   0x00000008   Data   RO         4636    .conststrlit        nrf_sdh.o
    0x0002cb44   0x0002cb44   0x0000000c   Data   RO         4758    .conststrlit        nrf_sdh_ble.o
    0x0002cb50   0x0002cb50   0x0000000c   Data   RO         4805    .conststrlit        nrf_sdh_soc.o
    0x0002cb5c   0x0002cb5c   0x00000020   Data   RO         5220    Region$$Table       anon$$obj.o
    0x0002cb7c   0x0002cb7c   0x00000008   Data   RO         1117    log_const_data      ble_db_discovery.o
    0x0002cb84   0x0002cb84   0x00000008   Data   RO         1293    log_const_data      nrf_ble_gatt.o
    0x0002cb8c   0x0002cb8c   0x00000008   Data   RO         1390    log_const_data      ble_lbs_c.o
    0x0002cb94   0x0002cb94   0x00000008   Data   RO         1489    log_const_data      nrf_drv_clock.o
    0x0002cb9c   0x0002cb9c   0x00000008   Data   RO         1683    log_const_data      nrfx_clock.o
    0x0002cba4   0x0002cba4   0x00000008   Data   RO         1841    log_const_data      nrfx_gpiote.o
    0x0002cbac   0x0002cbac   0x00000008   Data   RO         2102    log_const_data      nrfx_prs.o
    0x0002cbb4   0x0002cbb4   0x00000008   Data   RO         2178    log_const_data      nrfx_uart.o
    0x0002cbbc   0x0002cbbc   0x00000008   Data   RO         2361    log_const_data      nrfx_uarte.o
    0x0002cbc4   0x0002cbc4   0x00000008   Data   RO         3375    log_const_data      nrf_fstorage.o
    0x0002cbcc   0x0002cbcc   0x00000008   Data   RO         3467    log_const_data      nrf_fstorage_sd.o
    0x0002cbd4   0x0002cbd4   0x00000008   Data   RO         3649    log_const_data      nrf_pwr_mgmt.o
    0x0002cbdc   0x0002cbdc   0x00000010   Data   RO         4150    log_const_data      nrf_log_frontend.o
    0x0002cbec   0x0002cbec   0x00000008   Data   RO         4638    log_const_data      nrf_sdh.o
    0x0002cbf4   0x0002cbf4   0x00000008   Data   RO         4760    log_const_data      nrf_sdh_ble.o
    0x0002cbfc   0x0002cbfc   0x00000008   Data   RO         4806    log_const_data      nrf_sdh_soc.o
    0x0002cc04   0x0002cc04   0x00000018   Data   RO         4152    nrf_balloc          nrf_log_frontend.o
    0x0002cc1c   0x0002cc1c   0x00000008   Data   RO          955    sdh_ble_observers0  ble_conn_state.o
    0x0002cc24   0x0002cc24   0x00000048   Data   RO           28    sdh_ble_observers1  main.o
    0x0002cc6c   0x0002cc6c   0x00000008   Data   RO          677    sdh_ble_observers1  bsp_btn_ble.o
    0x0002cc74   0x0002cc74   0x00000040   Data   RO           29    sdh_ble_observers2  main.o
    0x0002ccb4   0x0002ccb4   0x00000008   Data   RO           30    sdh_ble_observers3  main.o
    0x0002ccbc   0x0002ccbc   0x00000008   Data   RO         3469    sdh_req_observers0  nrf_fstorage_sd.o
    0x0002ccc4   0x0002ccc4   0x00000008   Data   RO         1491    sdh_soc_observers0  nrf_drv_clock.o
    0x0002cccc   0x0002cccc   0x00000008   Data   RO         3470    sdh_soc_observers0  nrf_fstorage_sd.o
    0x0002ccd4   0x0002ccd4   0x00000008   Data   RO         4762    sdh_stack_observers0  nrf_sdh_ble.o
    0x0002ccdc   0x0002ccdc   0x00000008   Data   RO         4808    sdh_stack_observers0  nrf_sdh_soc.o
    0x0002cce4   0x0002cce4   0x00000008   Data   RO         1492    sdh_state_observers0  nrf_drv_clock.o
    0x0002ccec   0x0002ccec   0x00000008   Data   RO         3471    sdh_state_observers0  nrf_fstorage_sd.o


    Execution Region RW_IRAM1 (Exec base: 0x20004368, Load base: 0x0002ccf4, Size: 0x00004a98, Max: 0x0000bc98, ABSOLUTE, COMPRESSED[0x0000008c])

    Exec Addr    Load Addr    Size         Type   Attr      Idx    E Section Name        Object

    0x20004368   COMPRESSED   0x00001688   Data   RW           26    .data               main.o
    0x200059f0   COMPRESSED   0x00000008   Data   RW          676    .data               bsp_btn_ble.o
    0x200059f8   COMPRESSED   0x00000010   Data   RW         1116    .data               ble_db_discovery.o
    0x20005a08   COMPRESSED   0x00000008   Data   RW         1389    .data               ble_lbs_c.o
    0x20005a10   COMPRESSED   0x0000000c   Data   RW         1615    .data               nrf_drv_uart.o
    0x20005a1c   COMPRESSED   0x00000008   Data   RW         1682    .data               nrfx_clock.o
    0x20005a24   COMPRESSED   0x00000008   Data   RW         2101    .data               nrfx_prs.o
    0x20005a2c   COMPRESSED   0x00000004   PAD
    0x20005a30   COMPRESSED   0x00000020   Data   RW         2494    .data               app_button.o
    0x20005a50   COMPRESSED   0x00000014   Data   RW         2716    .data               app_timer.o
    0x20005a64   COMPRESSED   0x00000014   Data   RW         3465    .data               nrf_fstorage_sd.o
    0x20005a78   COMPRESSED   0x00000008   Data   RW         3466    .data               nrf_fstorage_sd.o
    0x20005a80   COMPRESSED   0x00000008   Data   RW         3648    .data               nrf_pwr_mgmt.o
    0x20005a88   COMPRESSED   0x00000004   Data   RW         3779    .data               retarget.o
    0x20005a8c   COMPRESSED   0x0000001c   Data   RW         3825    .data               app_uart_fifo.o
    0x20005aa8   COMPRESSED   0x00000001   Data   RW         3979    .data               nrf_log_backend_rtt.o
    0x20005aa9   COMPRESSED   0x00000003   PAD
    0x20005aac   COMPRESSED   0x0000000c   Data   RW         4086    .data               nrf_log_default_backends.o
    0x20005ab8   COMPRESSED   0x00000008   Data   RW         4148    .data               nrf_log_frontend.o
    0x20005ac0   COMPRESSED   0x00000008   Data   RW         4149    .data               nrf_log_frontend.o
    0x20005ac8   COMPRESSED   0x00000040   Data   RW         4311    .data               nrf_log_str_formatter.o
    0x20005b08   COMPRESSED   0x00000003   Data   RW         4637    .data               nrf_sdh.o
    0x20005b0b   COMPRESSED   0x00000001   Data   RW         4759    .data               nrf_sdh_ble.o
    0x20005b0c   COMPRESSED   0x00000004   Data   RW         4843    .data               system_nrf52.o
    0x20005b10   COMPRESSED   0x00000004   Data   RW         1118    log_dynamic_data    ble_db_discovery.o
    0x20005b14   COMPRESSED   0x00000004   Data   RW         1294    log_dynamic_data    nrf_ble_gatt.o
    0x20005b18   COMPRESSED   0x00000004   Data   RW         1391    log_dynamic_data    ble_lbs_c.o
    0x20005b1c   COMPRESSED   0x00000004   Data   RW         1490    log_dynamic_data    nrf_drv_clock.o
    0x20005b20   COMPRESSED   0x00000004   Data   RW         1684    log_dynamic_data    nrfx_clock.o
    0x20005b24   COMPRESSED   0x00000004   Data   RW         1842    log_dynamic_data    nrfx_gpiote.o
    0x20005b28   COMPRESSED   0x00000004   Data   RW         2103    log_dynamic_data    nrfx_prs.o
    0x20005b2c   COMPRESSED   0x00000004   Data   RW         2179    log_dynamic_data    nrfx_uart.o
    0x20005b30   COMPRESSED   0x00000004   Data   RW         2362    log_dynamic_data    nrfx_uarte.o
    0x20005b34   COMPRESSED   0x00000004   Data   RW         3376    log_dynamic_data    nrf_fstorage.o
    0x20005b38   COMPRESSED   0x00000004   Data   RW         3468    log_dynamic_data    nrf_fstorage_sd.o
    0x20005b3c   COMPRESSED   0x00000004   Data   RW         3650    log_dynamic_data    nrf_pwr_mgmt.o
    0x20005b40   COMPRESSED   0x00000008   Data   RW         4151    log_dynamic_data    nrf_log_frontend.o
    0x20005b48   COMPRESSED   0x00000004   Data   RW         4639    log_dynamic_data    nrf_sdh.o
    0x20005b4c   COMPRESSED   0x00000004   Data   RW         4761    log_dynamic_data    nrf_sdh_ble.o
    0x20005b50   COMPRESSED   0x00000004   Data   RW         4807    log_dynamic_data    nrf_sdh_soc.o
    0x20005b54        -       0x000003c0   Zero   RW           23    .bss                main.o
    0x20005f14        -       0x0000001f   Zero   RW           24    .bss                main.o
    0x20005f33        -       0x0000000c   Zero   RW          572    .bss                bsp.o
    0x20005f3f   COMPRESSED   0x00000001   PAD
    0x20005f40        -       0x00000078   Zero   RW          954    .bss                ble_conn_state.o
    0x20005fb8        -       0x00000318   Zero   RW         1113    .bss                ble_db_discovery.o
    0x200062d0        -       0x000000a0   Zero   RW         1386    .bss                ble_lbs_c.o
    0x20006370        -       0x00000014   Zero   RW         1483    .bss                nrf_drv_clock.o
    0x20006384        -       0x0000005c   Zero   RW         1835    .bss                nrfx_gpiote.o
    0x200063e0        -       0x0000002c   Zero   RW         2172    .bss                nrfx_uart.o
    0x2000640c        -       0x00000024   Zero   RW         2355    .bss                nrfx_uarte.o
    0x20006430        -       0x00000020   Zero   RW         2492    .bss                app_button.o
    0x20006450        -       0x00000020   Zero   RW         2553    .bss                app_error.o
    0x20006470        -       0x0000010c   Zero   RW         2714    .bss                app_timer.o
    0x2000657c        -       0x0000000c   Zero   RW         2864    .bss                app_util_platform.o
    0x20006588        -       0x000000a0   Zero   RW         3461    .bss                nrf_fstorage_sd.o
    0x20006628        -       0x0000000c   Zero   RW         3644    .bss                nrf_pwr_mgmt.o
    0x20006634        -       0x00000020   Zero   RW         3823    .bss                app_uart_fifo.o
    0x20006654        -       0x00000040   Zero   RW         3976    .bss                nrf_log_backend_rtt.o
    0x20006694        -       0x000000c0   Zero   RW         4145    .bss                nrf_log_frontend.o
    0x20006754        -       0x00000424   Zero   RW         4146    .bss                nrf_log_frontend.o
    0x20006b78        -       0x00000288   Zero   RW         4387    .bss                segger_rtt.o
    0x20006e00        -       0x00002000   Zero   RW         4831    STACK               arm_startup_nrf52.o


==============================================================================

Image component sizes


      Code (inc. data)   RO Data    RW Data    ZI Data      Debug   Object Name

       488         46          8         32         32      13663   app_button.o
       100          4          0          0         32       3370   app_error.o
        26          0          0          0          0        560   app_error_handler_keil.o
       372        190          0          0          0       4798   app_error_weak.o
       118          0          0          0          0       4386   app_fifo.o
      1510        118          6         20        268      48207   app_timer.o
       588        120         32         28         32      21458   app_uart_fifo.o
       124         14          0          0         12       9398   app_util_platform.o
        36          8        512          0       8192        916   arm_startup_nrf52.o
       124          0          0          0          0      29015   ble_advdata.o
         0          0          0          0          0       5036   ble_advertising.o
       458         74          8          0        120       7923   ble_conn_state.o
      1658         78        144         20        792      18747   ble_db_discovery.o
       764         76         46         12        160      19418   ble_lbs_c.o
       192         16          8          0          0      42877   boards.o
        68          4          0          0         12       6708   bsp.o
       182          6          8          8          0       3204   bsp_btn_ble.o
      3070        724        288       5768        991     134015   main.o
       244          0          0          0          0       5605   nrf_atfifo.o
        64          0          0          0          0       2920   nrf_atflags.o
       306          0          0          0          0       7915   nrf_atomic.o
       164          0          0          0          0       3604   nrf_balloc.o
       936        254        205          4          0      36104   nrf_ble_gatt.o
       276         34         30          4         20      37574   nrf_drv_clock.o
       200         26          0         12          0      17572   nrf_drv_uart.o
        50          0          0          0          0       3489   nrf_fprintf.o
       850          4         16          0          0       5430   nrf_fprintf_format.o
         0          0         21          4          0       1777   nrf_fstorage.o
       484         42         62         32        160       9601   nrf_fstorage_sd.o
       112         18         18          1         64       6249   nrf_log_backend_rtt.o
       200          0          0          0          0      10755   nrf_log_backend_serial.o
        28          6          0         12          0       3146   nrf_log_default_backends.o
      1518        118         64         24       1252      30570   nrf_log_frontend.o
       566        108        102         64          0       5728   nrf_log_str_formatter.o
       330          0          0          0          0       9523   nrf_memobj.o
       108         16         53         12         12      36395   nrf_pwr_mgmt.o
       872        242        104          7          0      43776   nrf_sdh.o
       748        286        468          5          0       5897   nrf_sdh_ble.o
       128         68         56          4          0       2548   nrf_sdh_soc.o
        78          0          0          0          0       2740   nrf_section_iter.o
        76         10       1319          0          0       2699   nrf_strerror.o
       222         28         14         12          0      41176   nrfx_clock.o
      1298         98         19          4         92      59281   nrfx_gpiote.o
        94         16         12         12          0       3797   nrfx_prs.o
      1362         36         17          4         44      31018   nrfx_uart.o
      1200         38         18          4         36      23657   nrfx_uarte.o
        14          0          0          4          0       2842   retarget.o
       378         34          0          0        648       8889   segger_rtt.o
       796         70          0          4          0      29518   system_nrf52.o

    ----------------------------------------------------------------------
     23622       3030       3736       6124      12972     865494   Object Totals
         0          0         32          0          0          0   (incl. Generated)
        42          0         46          7          1          0   (incl. Padding)

    ----------------------------------------------------------------------

      Code (inc. data)   RO Data    RW Data    ZI Data      Debug   Library Member Name

        86          0          0          0          0          0   __dczerorl2.o
         8          4        133          0          0         68   ctype_o.o
         0          0          0          0          0          0   entry.o
         0          0          0          0          0          0   entry10a.o
         0          0          0          0          0          0   entry11a.o
         8          4          0          0          0          0   entry2.o
         4          0          0          0          0          0   entry5.o
         0          0          0          0          0          0   entry7b.o
         0          0          0          0          0          0   entry8b.o
         8          4          0          0          0          0   entry9a.o
        30          0          0          0          0          0   handlers.o
        36          8          0          0          0         68   init.o
        30          0          0          0          0         68   llshl.o
        26          0          0          0          0         80   memcmp.o
        36          0          0          0          0         68   memcpya.o
        36          0          0          0          0        108   memseta.o
        50          8          0          0          0        152   printfb.o
        18          0          0          0          0         68   strcpy.o
        14          0          0          0          0         68   strlen.o

    ----------------------------------------------------------------------
       398         28        136          0          0        748   Library Totals
         8          0          3          0          0          0   (incl. Padding)

    ----------------------------------------------------------------------

      Code (inc. data)   RO Data    RW Data    ZI Data      Debug   Library Name

       390         28        133          0          0        748   mc_w.l

    ----------------------------------------------------------------------
       398         28        136          0          0        748   Library Totals

    ----------------------------------------------------------------------

==============================================================================


      Code (inc. data)   RO Data    RW Data    ZI Data      Debug   

     24020       3058       3872       6124      12972     839166   Grand Totals
     24020       3058       3872        140      12972     839166   ELF Image Totals (compressed)
     24020       3058       3872        140          0          0   ROM Totals

==============================================================================

    Total RO  Size (Code + RO Data)                27892 (  27.24kB)
    Total RW  Size (RW Data + ZI Data)             19096 (  18.65kB)
    Total ROM Size (Code + RO Data + RW Data)      28032 (  27.38kB)

==============================================================================

